Archive member included to satisfy reference by file (symbol)

/opt/homebrew/Cellar/gcc-arm-none-eabi/20200630/bin/../lib/gcc/arm-none-eabi/9.3.1/../../../../arm-none-eabi/lib/thumb/v7e-m+dp/hard/libc_nano.a(lib_a-errno.o)
                              CMakeFiles/dev_cdc_vcom_freertos.elf.dir/Users/mx3g/work_space/NXP/rt1064_sdk/SDK_25_03_00_MIMXRT1064xxxxB/devices/MIMXRT1064/utilities/fsl_syscall_stub.c.obj (__errno)
/opt/homebrew/Cellar/gcc-arm-none-eabi/20200630/bin/../lib/gcc/arm-none-eabi/9.3.1/../../../../arm-none-eabi/lib/thumb/v7e-m+dp/hard/libc_nano.a(lib_a-exit.o)
                              /opt/homebrew/Cellar/gcc-arm-none-eabi/20200630/bin/../lib/gcc/arm-none-eabi/9.3.1/../../../../arm-none-eabi/lib/thumb/v7e-m+dp/hard/crt0.o (exit)
/opt/homebrew/Cellar/gcc-arm-none-eabi/20200630/bin/../lib/gcc/arm-none-eabi/9.3.1/../../../../arm-none-eabi/lib/thumb/v7e-m+dp/hard/libc_nano.a(lib_a-impure.o)
                              /opt/homebrew/Cellar/gcc-arm-none-eabi/20200630/bin/../lib/gcc/arm-none-eabi/9.3.1/../../../../arm-none-eabi/lib/thumb/v7e-m+dp/hard/libc_nano.a(lib_a-exit.o) (_global_impure_ptr)
/opt/homebrew/Cellar/gcc-arm-none-eabi/20200630/bin/../lib/gcc/arm-none-eabi/9.3.1/../../../../arm-none-eabi/lib/thumb/v7e-m+dp/hard/libc_nano.a(lib_a-init.o)
                              /opt/homebrew/Cellar/gcc-arm-none-eabi/20200630/bin/../lib/gcc/arm-none-eabi/9.3.1/../../../../arm-none-eabi/lib/thumb/v7e-m+dp/hard/crt0.o (__libc_init_array)
/opt/homebrew/Cellar/gcc-arm-none-eabi/20200630/bin/../lib/gcc/arm-none-eabi/9.3.1/../../../../arm-none-eabi/lib/thumb/v7e-m+dp/hard/libc_nano.a(lib_a-malloc.o)
                              CMakeFiles/dev_cdc_vcom_freertos.elf.dir/Users/mx3g/work_space/NXP/rt1064_sdk/SDK_25_03_00_MIMXRT1064xxxxB/devices/MIMXRT1064/drivers/fsl_common.c.obj (malloc)
/opt/homebrew/Cellar/gcc-arm-none-eabi/20200630/bin/../lib/gcc/arm-none-eabi/9.3.1/../../../../arm-none-eabi/lib/thumb/v7e-m+dp/hard/libc_nano.a(lib_a-memset.o)
                              /opt/homebrew/Cellar/gcc-arm-none-eabi/20200630/bin/../lib/gcc/arm-none-eabi/9.3.1/../../../../arm-none-eabi/lib/thumb/v7e-m+dp/hard/crt0.o (memset)
/opt/homebrew/Cellar/gcc-arm-none-eabi/20200630/bin/../lib/gcc/arm-none-eabi/9.3.1/../../../../arm-none-eabi/lib/thumb/v7e-m+dp/hard/libc_nano.a(lib_a-nano-freer.o)
                              /opt/homebrew/Cellar/gcc-arm-none-eabi/20200630/bin/../lib/gcc/arm-none-eabi/9.3.1/../../../../arm-none-eabi/lib/thumb/v7e-m+dp/hard/libc_nano.a(lib_a-malloc.o) (_free_r)
/opt/homebrew/Cellar/gcc-arm-none-eabi/20200630/bin/../lib/gcc/arm-none-eabi/9.3.1/../../../../arm-none-eabi/lib/thumb/v7e-m+dp/hard/libc_nano.a(lib_a-nano-mallocr.o)
                              /opt/homebrew/Cellar/gcc-arm-none-eabi/20200630/bin/../lib/gcc/arm-none-eabi/9.3.1/../../../../arm-none-eabi/lib/thumb/v7e-m+dp/hard/libc_nano.a(lib_a-malloc.o) (_malloc_r)
/opt/homebrew/Cellar/gcc-arm-none-eabi/20200630/bin/../lib/gcc/arm-none-eabi/9.3.1/../../../../arm-none-eabi/lib/thumb/v7e-m+dp/hard/libc_nano.a(lib_a-sbrkr.o)
                              /opt/homebrew/Cellar/gcc-arm-none-eabi/20200630/bin/../lib/gcc/arm-none-eabi/9.3.1/../../../../arm-none-eabi/lib/thumb/v7e-m+dp/hard/libc_nano.a(lib_a-nano-mallocr.o) (_sbrk_r)
/opt/homebrew/Cellar/gcc-arm-none-eabi/20200630/bin/../lib/gcc/arm-none-eabi/9.3.1/../../../../arm-none-eabi/lib/thumb/v7e-m+dp/hard/libc_nano.a(lib_a-strlen.o)
                              CMakeFiles/dev_cdc_vcom_freertos.elf.dir/Users/mx3g/work_space/NXP/rt1064_sdk/SDK_25_03_00_MIMXRT1064xxxxB/rtos/freertos/freertos-kernel/tasks.c.obj (strlen)
/opt/homebrew/Cellar/gcc-arm-none-eabi/20200630/bin/../lib/gcc/arm-none-eabi/9.3.1/../../../../arm-none-eabi/lib/thumb/v7e-m+dp/hard/libc_nano.a(lib_a-strtoul.o)
                              CMakeFiles/dev_cdc_vcom_freertos.elf.dir/Users/mx3g/work_space/NXP/rt1064_sdk/SDK_25_03_00_MIMXRT1064xxxxB/devices/MIMXRT1064/utilities/str/fsl_str.c.obj (strtoul)
/opt/homebrew/Cellar/gcc-arm-none-eabi/20200630/bin/../lib/gcc/arm-none-eabi/9.3.1/../../../../arm-none-eabi/lib/thumb/v7e-m+dp/hard/libc_nano.a(lib_a-ctype_.o)
                              /opt/homebrew/Cellar/gcc-arm-none-eabi/20200630/bin/../lib/gcc/arm-none-eabi/9.3.1/../../../../arm-none-eabi/lib/thumb/v7e-m+dp/hard/libc_nano.a(lib_a-strtoul.o) (_ctype_)
/opt/homebrew/Cellar/gcc-arm-none-eabi/20200630/bin/../lib/gcc/arm-none-eabi/9.3.1/../../../../arm-none-eabi/lib/thumb/v7e-m+dp/hard/libc_nano.a(lib_a-mlock.o)
                              /opt/homebrew/Cellar/gcc-arm-none-eabi/20200630/bin/../lib/gcc/arm-none-eabi/9.3.1/../../../../arm-none-eabi/lib/thumb/v7e-m+dp/hard/libc_nano.a(lib_a-nano-freer.o) (__malloc_lock)
/opt/homebrew/Cellar/gcc-arm-none-eabi/20200630/bin/../lib/gcc/arm-none-eabi/9.3.1/../../../../arm-none-eabi/lib/thumb/v7e-m+dp/hard/libc_nano.a(lib_a-reent.o)
[...]
Memory Configuration

Name             Origin             Length             Attributes
m_flash_config   0x0000000070000000 0x0000000000001000 xr
m_ivt            0x0000000070001000 0x0000000000001000 xr
m_interrupts     0x0000000070002000 0x0000000000000400 xr
m_text           0x0000000070002400 0x00000000003fdc00 xr
m_qacode         0x0000000000000000 0x0000000000020000 xr
m_data           0x0000000020000000 0x0000000000020000 rw
m_data2          0x0000000020200000 0x00000000000c0000 rw
*default*        0x0000000000000000 0xffffffffffffffff

Linker script and memory map

LOAD /opt/homebrew/Cellar/gcc-arm-none-eabi/20200630/bin/../lib/gcc/arm-none-eabi/9.3.1/thumb/v7e-m+dp/hard/crti.o
LOAD /opt/homebrew/Cellar/gcc-arm-none-eabi/20200630/bin/../lib/gcc/arm-none-eabi/9.3.1/thumb/v7e-m+dp/hard/crtbegin.o
LOAD /opt/homebrew/Cellar/gcc-arm-none-eabi/20200630/bin/../lib/gcc/arm-none-eabi/9.3.1/../../../../arm-none-eabi/lib/thumb/v7e-m+dp/hard/crt0.o
                0x0000000000002000                __heap_size__ = 0x2000
                0x0000000000002000                __stack_size__ = 0x2000
LOAD CMakeFiles/dev_cdc_vcom_freertos.elf.dir/Users/mx3g/work_space/NXP/rt1064_sdk/SDK_25_03_00_MIMXRT1064xxxxB/boards/evkmimxrt1064/usb_examples/usb_device_cdc_vcom/freertos/usb_device_descriptor.c.obj
LOAD CMakeFiles/dev_cdc_vcom_freertos.elf.dir/Users/mx3g/work_space/NXP/rt1064_sdk/SDK_25_03_00_MIMXRT1064xxxxB/boards/evkmimxrt1064/usb_examples/usb_device_cdc_vcom/freertos/virtual_com.c.obj
LOAD CMakeFiles/dev_cdc_vcom_freertos.elf.dir/Users/mx3g/work_space/NXP/rt1064_sdk/SDK_25_03_00_MIMXRT1064xxxxB/boards/evkmimxrt1064/usb_examples/usb_device_cdc_vcom/freertos/hardware_init.c.obj
LOAD CMakeFiles/dev_cdc_vcom_freertos.elf.dir/Users/mx3g/work_space/NXP/rt1064_sdk/SDK_25_03_00_MIMXRT1064xxxxB/boards/evkmimxrt1064/usb_examples/usb_device_cdc_vcom/freertos/pin_mux.c.obj
LOAD CMakeFiles/dev_cdc_vcom_freertos.elf.dir/Users/mx3g/work_space/NXP/rt1064_sdk/SDK_25_03_00_MIMXRT1064xxxxB/boards/evkmimxrt1064/usb_examples/usb_device_cdc_vcom/freertos/board.c.obj
LOAD CMakeFiles/dev_cdc_vcom_freertos.elf.dir/Users/mx3g/work_space/NXP/rt1064_sdk/SDK_25_03_00_MIMXRT1064xxxxB/boards/evkmimxrt1064/usb_examples/usb_device_cdc_vcom/freertos/clock_config.c.obj
LOAD CMakeFiles/dev_cdc_vcom_freertos.elf.dir/Users/mx3g/work_space/NXP/rt1064_sdk/SDK_25_03_00_MIMXRT1064xxxxB/boards/evkmimxrt1064/xip/evkmimxrt1064_flexspi_nor_config.c.obj
LOAD CMakeFiles/dev_cdc_vcom_freertos.elf.dir/Users/mx3g/work_space/NXP/rt1064_sdk/SDK_25_03_00_MIMXRT1064xxxxB/boards/evkmimxrt1064/dcd.c.obj
LOAD CMakeFiles/dev_cdc_vcom_freertos.elf.dir/Users/mx3g/work_space/NXP/rt1064_sdk/SDK_25_03_00_MIMXRT1064xxxxB/components/lists/fsl_component_generic_list.c.obj
LOAD CMakeFiles/dev_cdc_vcom_freertos.elf.dir/Users/mx3g/work_space/NXP/rt1064_sdk/SDK_25_03_00_MIMXRT1064xxxxB/components/uart/fsl_adapter_lpuart.c.obj
LOAD CMakeFiles/dev_cdc_vcom_freertos.elf.dir/Users/mx3g/work_space/NXP/rt1064_sdk/SDK_25_03_00_MIMXRT1064xxxxB/components/osa/fsl_os_abstraction_free_rtos.c.obj
LOAD CMakeFiles/dev_cdc_vcom_freertos.elf.dir/Users/mx3g/work_space/NXP/rt1064_sdk/SDK_25_03_00_MIMXRT1064xxxxB/devices/MIMXRT1064/xip/fsl_flexspi_nor_boot.c.obj
LOAD CMakeFiles/dev_cdc_vcom_freertos.elf.dir/Users/mx3g/work_space/NXP/rt1064_sdk/SDK_25_03_00_MIMXRT1064xxxxB/devices/MIMXRT1064/gcc/startup_MIMXRT1064.S.obj
LOAD CMakeFiles/dev_cdc_vcom_freertos.elf.dir/Users/mx3g/work_space/NXP/rt1064_sdk/SDK_25_03_00_MIMXRT1064xxxxB/devices/MIMXRT1064/system_MIMXRT1064.c.obj
LOAD CMakeFiles/dev_cdc_vcom_freertos.elf.dir/Users/mx3g/work_space/NXP/rt1064_sdk/SDK_25_03_00_MIMXRT1064xxxxB/devices/MIMXRT1064/drivers/fsl_cache.c.obj
LOAD CMakeFiles/dev_cdc_vcom_freertos.elf.dir/Users/mx3g/work_space/NXP/rt1064_sdk/SDK_25_03_00_MIMXRT1064xxxxB/devices/MIMXRT1064/drivers/fsl_clock.c.obj
LOAD CMakeFiles/dev_cdc_vcom_freertos.elf.dir/Users/mx3g/work_space/NXP/rt1064_sdk/SDK_25_03_00_MIMXRT1064xxxxB/devices/MIMXRT1064/drivers/fsl_common.c.obj
LOAD CMakeFiles/dev_cdc_vcom_freertos.elf.dir/Users/mx3g/work_space/NXP/rt1064_sdk/SDK_25_03_00_MIMXRT1064xxxxB/devices/MIMXRT1064/drivers/fsl_common_arm.c.obj
LOAD CMakeFiles/dev_cdc_vcom_freertos.elf.dir/Users/mx3g/work_space/NXP/rt1064_sdk/SDK_25_03_00_MIMXRT1064xxxxB/devices/MIMXRT1064/drivers/fsl_dcdc.c.obj
LOAD CMakeFiles/dev_cdc_vcom_freertos.elf.dir/Users/mx3g/work_space/NXP/rt1064_sdk/SDK_25_03_00_MIMXRT1064xxxxB/devices/MIMXRT1064/drivers/fsl_gpc.c.obj
LOAD CMakeFiles/dev_cdc_vcom_freertos.elf.dir/Users/mx3g/work_space/NXP/rt1064_sdk/SDK_25_03_00_MIMXRT1064xxxxB/devices/MIMXRT1064/drivers/fsl_gpio.c.obj
LOAD CMakeFiles/dev_cdc_vcom_freertos.elf.dir/Users/mx3g/work_space/NXP/rt1064_sdk/SDK_25_03_00_MIMXRT1064xxxxB/devices/MIMXRT1064/drivers/fsl_lpuart.c.obj
LOAD CMakeFiles/dev_cdc_vcom_freertos.elf.dir/Users/mx3g/work_space/NXP/rt1064_sdk/SDK_25_03_00_MIMXRT1064xxxxB/devices/MIMXRT1064/drivers/fsl_pmu.c.obj
LOAD CMakeFiles/dev_cdc_vcom_freertos.elf.dir/Users/mx3g/work_space/NXP/rt1064_sdk/SDK_25_03_00_MIMXRT1064xxxxB/devices/MIMXRT1064/drivers/fsl_src.c.obj
LOAD CMakeFiles/dev_cdc_vcom_freertos.elf.dir/Users/mx3g/work_space/NXP/rt1064_sdk/SDK_25_03_00_MIMXRT1064xxxxB/rtos/freertos/freertos-kernel/croutine.c.obj
LOAD CMakeFiles/dev_cdc_vcom_freertos.elf.dir/Users/mx3g/work_space/NXP/rt1064_sdk/SDK_25_03_00_MIMXRT1064xxxxB/rtos/freertos/freertos-kernel/event_groups.c.obj
LOAD CMakeFiles/dev_cdc_vcom_freertos.elf.dir/Users/mx3g/work_space/NXP/rt1064_sdk/SDK_25_03_00_MIMXRT1064xxxxB/rtos/freertos/freertos-kernel/list.c.obj
LOAD CMakeFiles/dev_cdc_vcom_freertos.elf.dir/Users/mx3g/work_space/NXP/rt1064_sdk/SDK_25_03_00_MIMXRT1064xxxxB/rtos/freertos/freertos-kernel/queue.c.obj
LOAD CMakeFiles/dev_cdc_vcom_freertos.elf.dir/Users/mx3g/work_space/NXP/rt1064_sdk/SDK_25_03_00_MIMXRT1064xxxxB/rtos/freertos/freertos-kernel/stream_buffer.c.obj
LOAD CMakeFiles/dev_cdc_vcom_freertos.elf.dir/Users/mx3g/work_space/NXP/rt1064_sdk/SDK_25_03_00_MIMXRT1064xxxxB/rtos/freertos/freertos-kernel/tasks.c.obj
LOAD CMakeFiles/dev_cdc_vcom_freertos.elf.dir/Users/mx3g/work_space/NXP/rt1064_sdk/SDK_25_03_00_MIMXRT1064xxxxB/rtos/freertos/freertos-kernel/timers.c.obj
LOAD CMakeFiles/dev_cdc_vcom_freertos.elf.dir/Users/mx3g/work_space/NXP/rt1064_sdk/SDK_25_03_00_MIMXRT1064xxxxB/rtos/freertos/freertos-kernel/portable/GCC/ARM_CM4F/port.c.obj
LOAD CMakeFiles/dev_cdc_vcom_freertos.elf.dir/Users/mx3g/work_space/NXP/rt1064_sdk/SDK_25_03_00_MIMXRT1064xxxxB/rtos/freertos/freertos-kernel/portable/MemMang/heap_4.c.obj
LOAD CMakeFiles/dev_cdc_vcom_freertos.elf.dir/Users/mx3g/work_space/NXP/rt1064_sdk/SDK_25_03_00_MIMXRT1064xxxxB/middleware/usb/device/class/usb_device_cdc_acm.c.obj
LOAD CMakeFiles/dev_cdc_vcom_freertos.elf.dir/Users/mx3g/work_space/NXP/rt1064_sdk/SDK_25_03_00_MIMXRT1064xxxxB/middleware/usb/device/usb_device_dci.c.obj
LOAD CMakeFiles/dev_cdc_vcom_freertos.elf.dir/Users/mx3g/work_space/NXP/rt1064_sdk/SDK_25_03_00_MIMXRT1064xxxxB/middleware/usb/device/usb_device_ehci.c.obj
LOAD CMakeFiles/dev_cdc_vcom_freertos.elf.dir/Users/mx3g/work_space/NXP/rt1064_sdk/SDK_25_03_00_MIMXRT1064xxxxB/middleware/usb/device/usb_device_ch9.c.obj
LOAD CMakeFiles/dev_cdc_vcom_freertos.elf.dir/Users/mx3g/work_space/NXP/rt1064_sdk/SDK_25_03_00_MIMXRT1064xxxxB/middleware/usb/device/class/usb_device_class.c.obj
LOAD CMakeFiles/dev_cdc_vcom_freertos.elf.dir/Users/mx3g/work_space/NXP/rt1064_sdk/SDK_25_03_00_MIMXRT1064xxxxB/middleware/usb/phy/usb_phy.c.obj
LOAD CMakeFiles/dev_cdc_vcom_freertos.elf.dir/Users/mx3g/work_space/NXP/rt1064_sdk/SDK_25_03_00_MIMXRT1064xxxxB/devices/MIMXRT1064/utilities/fsl_syscall_stub.c.obj
LOAD CMakeFiles/dev_cdc_vcom_freertos.elf.dir/Users/mx3g/work_space/NXP/rt1064_sdk/SDK_25_03_00_MIMXRT1064xxxxB/devices/MIMXRT1064/utilities/fsl_sbrk.c.obj
LOAD CMakeFiles/dev_cdc_vcom_freertos.elf.dir/Users/mx3g/work_space/NXP/rt1064_sdk/SDK_25_03_00_MIMXRT1064xxxxB/devices/MIMXRT1064/utilities/fsl_memcpy.S.obj
LOAD CMakeFiles/dev_cdc_vcom_freertos.elf.dir/Users/mx3g/work_space/NXP/rt1064_sdk/SDK_25_03_00_MIMXRT1064xxxxB/devices/MIMXRT1064/utilities/debug_console_lite/fsl_assert.c.obj
LOAD CMakeFiles/dev_cdc_vcom_freertos.elf.dir/Users/mx3g/work_space/NXP/rt1064_sdk/SDK_25_03_00_MIMXRT1064xxxxB/devices/MIMXRT1064/utilities/debug_console_lite/fsl_debug_console.c.obj
LOAD CMakeFiles/dev_cdc_vcom_freertos.elf.dir/Users/mx3g/work_space/NXP/rt1064_sdk/SDK_25_03_00_MIMXRT1064xxxxB/devices/MIMXRT1064/utilities/str/fsl_str.c.obj
START GROUP
LOAD /opt/homebrew/Cellar/gcc-arm-none-eabi/20200630/bin/../lib/gcc/arm-none-eabi/9.3.1/../../../../arm-none-eabi/lib/thumb/v7e-m+dp/hard/libm.a
LOAD /opt/homebrew/Cellar/gcc-arm-none-eabi/20200630/bin/../lib/gcc/arm-none-eabi/9.3.1/../../../../arm-none-eabi/lib/thumb/v7e-m+dp/hard/libc_nano.a
LOAD /opt/homebrew/Cellar/gcc-arm-none-eabi/20200630/bin/../lib/gcc/arm-none-eabi/9.3.1/thumb/v7e-m+dp/hard/libgcc.a
LOAD /opt/homebrew/Cellar/gcc-arm-none-eabi/20200630/bin/../lib/gcc/arm-none-eabi/9.3.1/../../../../arm-none-eabi/lib/thumb/v7e-m+dp/hard/libnosys.a
END GROUP
START GROUP
LOAD /opt/homebrew/Cellar/gcc-arm-none-eabi/20200630/bin/../lib/gcc/arm-none-eabi/9.3.1/thumb/v7e-m+dp/hard/libgcc.a
LOAD /opt/homebrew/Cellar/gcc-arm-none-eabi/20200630/bin/../lib/gcc/arm-none-eabi/9.3.1/../../../../arm-none-eabi/lib/thumb/v7e-m+dp/hard/libg_nano.a
LOAD /opt/homebrew/Cellar/gcc-arm-none-eabi/20200630/bin/../lib/gcc/arm-none-eabi/9.3.1/../../../../arm-none-eabi/lib/thumb/v7e-m+dp/hard/libc_nano.a
END GROUP
START GROUP
LOAD /opt/homebrew/Cellar/gcc-arm-none-eabi/20200630/bin/../lib/gcc/arm-none-eabi/9.3.1/thumb/v7e-m+dp/hard/libgcc.a
LOAD /opt/homebrew/Cellar/gcc-arm-none-eabi/20200630/bin/../lib/gcc/arm-none-eabi/9.3.1/../../../../arm-none-eabi/lib/thumb/v7e-m+dp/hard/libc_nano.a
LOAD /opt/homebrew/Cellar/gcc-arm-none-eabi/20200630/bin/../lib/gcc/arm-none-eabi/9.3.1/../../../../arm-none-eabi/lib/thumb/v7e-m+dp/hard/libnosys.a
END GROUP
START GROUP
LOAD /opt/homebrew/Cellar/gcc-arm-none-eabi/20200630/bin/../lib/gcc/arm-none-eabi/9.3.1/thumb/v7e-m+dp/hard/libgcc.a
LOAD /opt/homebrew/Cellar/gcc-arm-none-eabi/20200630/bin/../lib/gcc/arm-none-eabi/9.3.1/../../../../arm-none-eabi/lib/thumb/v7e-m+dp/hard/libc_nano.a
LOAD /opt/homebrew/Cellar/gcc-arm-none-eabi/20200630/bin/../lib/gcc/arm-none-eabi/9.3.1/../../../../arm-none-eabi/lib/thumb/v7e-m+dp/hard/libnosys.a
END GROUP
LOAD /opt/homebrew/Cellar/gcc-arm-none-eabi/20200630/bin/../lib/gcc/arm-none-eabi/9.3.1/thumb/v7e-m+dp/hard/crtend.o
LOAD /opt/homebrew/Cellar/gcc-arm-none-eabi/20200630/bin/../lib/gcc/arm-none-eabi/9.3.1/thumb/v7e-m+dp/hard/crtn.o
                0x0000000000002000                HEAP_SIZE = DEFINED (__heap_size__)?__heap_size__:0x400
                0x0000000000002000                STACK_SIZE = DEFINED (__stack_size__)?__stack_size__:0x400
                0x0000000000000000                VECTOR_RAM_SIZE = DEFINED (__ram_vector_table__)?0x400:0x0
                0x0000000020200000                __NCACHE_REGION_START = ORIGIN (m_data2)
                0x0000000000000000                __NCACHE_REGION_SIZE = 0x0

.flash_config   0x0000000070000000      0x200
                0x0000000070000000                . = ALIGN (0x4)
                0x0000000070000000                __FLASH_BASE = .
 *(.boot_hdr.conf)
 .boot_hdr.conf
                0x0000000070000000      0x200 CMakeFiles/dev_cdc_vcom_freertos.elf.dir/Users/mx3g/work_space/NXP/rt1064_sdk/SDK_25_03_00_MIMXRT1064xxxxB/boards/evkmimxrt1064/xip/evkmimxrt1064_flexspi_nor_config.c.obj
                0x0000000070000000                qspiflash_config
                0x0000000070000200                . = ALIGN (0x4)
                0x0000000070001000                ivt_begin = (ORIGIN (m_flash_config) + LENGTH (m_flash_config))

.ivt            0x0000000070001000       0x30
                0x0000000070001000                . = ALIGN (0x4)
 *(.boot_hdr.ivt)
 .boot_hdr.ivt  0x0000000070001000       0x20 CMakeFiles/dev_cdc_vcom_freertos.elf.dir/Users/mx3g/work_space/NXP/rt1064_sdk/SDK_25_03_00_MIMXRT1064xxxxB/devices/MIMXRT1064/xip/fsl_flexspi_nor_boot.c.obj
                0x0000000070001000                image_vector_table
 *(.boot_hdr.boot_data)
 .boot_hdr.boot_data
                0x0000000070001020       0x10 CMakeFiles/dev_cdc_vcom_freertos.elf.dir/Users/mx3g/work_space/NXP/rt1064_sdk/SDK_25_03_00_MIMXRT1064xxxxB/devices/MIMXRT1064/xip/fsl_flexspi_nor_boot.c.obj
                0x0000000070001020                g_boot_data
 *(.boot_hdr.dcd_data)
                0x0000000070001030                . = ALIGN (0x4)

.interrupts     0x0000000070002000      0x400
                0x0000000070002000                __VECTOR_TABLE = .
                0x0000000070002000                __Vectors = .
                0x0000000070002000                . = ALIGN (0x4)
 *(.isr_vector)
 .isr_vector    0x0000000070002000      0x400 CMakeFiles/dev_cdc_vcom_freertos.elf.dir/Users/mx3g/work_space/NXP/rt1064_sdk/SDK_25_03_00_MIMXRT1064xxxxB/devices/MIMXRT1064/gcc/startup_MIMXRT1064.S.obj
                0x0000000070002000                __isr_vector
                0x0000000070002400                . = ALIGN (0x4)

.text           0x0000000070002400     0xbf0c
                0x0000000070002400                . = ALIGN (0x4)
 *(.text)
 .text          0x0000000070002400       0x40 /opt/homebrew/Cellar/gcc-arm-none-eabi/20200630/bin/../lib/gcc/arm-none-eabi/9.3.1/thumb/v7e-m+dp/hard/crtbegin.o
 .text          0x0000000070002440       0x7c /opt/homebrew/Cellar/gcc-arm-none-eabi/20200630/bin/../lib/gcc/arm-none-eabi/9.3.1/../../../../arm-none-eabi/lib/thumb/v7e-m+dp/hard/crt0.o
                0x0000000070002440                _stack_init
                0x0000000070002448                _mainCRTStartup
                0x0000000070002448                _start
 .text          0x00000000700024bc      0x274 CMakeFiles/dev_cdc_vcom_freertos.elf.dir/Users/mx3g/work_space/NXP/rt1064_sdk/SDK_25_03_00_MIMXRT1064xxxxB/devices/MIMXRT1064/gcc/startup_MIMXRT1064.S.obj
                0x00000000700024bc                Reset_Handler
                0x0000000070002564                FLEXSPI2_DriverIRQHandler
                0x0000000070002564                LPSPI2_DriverIRQHandler
                0x0000000070002564                SJC_IRQHandler
                0x0000000070002564                ADC_ETC_IRQ0_IRQHandler
                0x0000000070002564                DebugMon_Handler
                0x0000000070002564                SAI3_RX_DriverIRQHandler
                0x0000000070002564                PXP_IRQHandler
                0x0000000070002564                DMA13_DMA29_DriverIRQHandler
                0x0000000070002564                DMA9_DMA25_DriverIRQHandler
                0x0000000070002564                ADC2_IRQHandler
                0x0000000070002564                USDHC2_DriverIRQHandler
                0x0000000070002564                MemManage_Handler
                0x0000000070002564                SAI2_DriverIRQHandler
                0x0000000070002564                PIT_IRQHandler
                0x0000000070002564                Reserved115_IRQHandler
                0x0000000070002564                SNVS_HP_WRAPPER_IRQHandler
                0x0000000070002564                DMA11_DMA27_DriverIRQHandler
                0x0000000070002564                XBAR1_IRQ_2_3_IRQHandler
                0x0000000070002564                PWM3_2_IRQHandler
                0x0000000070002564                LPI2C1_DriverIRQHandler
                0x0000000070002564                DCP_IRQHandler
                0x0000000070002564                ENET2_1588_Timer_DriverIRQHandler
                0x0000000070002564                Reserved171_IRQHandler
                0x0000000070002564                DMA4_DMA20_DriverIRQHandler
                0x0000000070002564                GPIO1_INT3_IRQHandler
                0x0000000070002564                USB_PHY1_IRQHandler
                0x0000000070002564                GPIO1_Combined_0_15_IRQHandler
                0x0000000070002564                LPSPI1_DriverIRQHandler
                0x0000000070002564                DMA3_DMA19_DriverIRQHandler
                0x0000000070002564                TMR4_IRQHandler
                0x0000000070002564                ACMP3_IRQHandler
                0x0000000070002564                ENC1_IRQHandler
                0x0000000070002564                PWM1_FAULT_IRQHandler
                0x0000000070002564                Reserved143_IRQHandler
                0x0000000070002564                GPIO6_7_8_9_IRQHandler
                0x0000000070002564                GPIO2_Combined_16_31_IRQHandler
                0x0000000070002564                LPI2C4_DriverIRQHandler
                0x0000000070002564                TMR3_IRQHandler
                0x0000000070002564                XBAR1_IRQ_0_1_IRQHandler
                0x0000000070002564                SNVS_HP_WRAPPER_TZ_IRQHandler
                0x0000000070002564                SAI3_TX_DriverIRQHandler
                0x0000000070002564                FLEXIO3_DriverIRQHandler
                0x0000000070002564                GPIO10_IRQHandler
                0x0000000070002564                ACMP2_IRQHandler
                0x0000000070002564                GPT2_IRQHandler
                0x0000000070002564                FLEXRAM_IRQHandler
                0x0000000070002564                DMA5_DMA21_DriverIRQHandler
                0x0000000070002564                ACMP1_IRQHandler
                0x0000000070002564                BusFault_Handler
                0x0000000070002564                DMA15_DMA31_DriverIRQHandler
                0x0000000070002564                GPIO4_Combined_16_31_IRQHandler
                0x0000000070002564                LPSPI3_DriverIRQHandler
                0x0000000070002564                ENC4_IRQHandler
                0x0000000070002564                LPI2C2_DriverIRQHandler
                0x0000000070002564                DMA_ERROR_DriverIRQHandler
                0x0000000070002564                PWM4_0_IRQHandler
                0x0000000070002564                CAN1_DriverIRQHandler
                0x0000000070002564                TMR1_IRQHandler
                0x0000000070002564                TRNG_IRQHandler
                0x0000000070002564                LCDIF_IRQHandler
                0x0000000070002564                PWM3_FAULT_IRQHandler
                0x0000000070002564                CTI1_ERROR_IRQHandler
                0x0000000070002564                PWM1_3_IRQHandler
                0x0000000070002564                Reserved86_IRQHandler
                0x0000000070002564                SRC_IRQHandler
                0x0000000070002564                LPSPI4_DriverIRQHandler
                0x0000000070002564                GPIO2_Combined_0_15_IRQHandler
                0x0000000070002564                SPDIF_DriverIRQHandler
                0x0000000070002564                GPIO1_INT2_IRQHandler
                0x0000000070002564                CSI_IRQHandler
                0x0000000070002564                ENET2_DriverIRQHandler
                0x0000000070002564                SNVS_LP_WRAPPER_IRQHandler
                0x0000000070002564                ENC2_IRQHandler
                0x0000000070002564                PWM2_2_IRQHandler
                0x0000000070002564                PWM4_FAULT_IRQHandler
                0x0000000070002564                GPIO1_INT7_IRQHandler
                0x0000000070002564                CCM_1_IRQHandler
                0x0000000070002564                CAN3_DriverIRQHandler
                0x0000000070002564                ADC_ETC_IRQ1_IRQHandler
                0x0000000070002564                DMA7_DMA23_DriverIRQHandler
                0x0000000070002564                CTI0_ERROR_IRQHandler
                0x0000000070002564                GPIO5_Combined_0_15_IRQHandler
                0x0000000070002564                PWM1_0_IRQHandler
                0x0000000070002564                Reserved68_IRQHandler
                0x0000000070002564                LPI2C3_DriverIRQHandler
                0x0000000070002564                USB_PHY2_IRQHandler
                0x0000000070002564                TSC_DIG_IRQHandler
                0x0000000070002564                GPIO4_Combined_0_15_IRQHandler
                0x0000000070002564                PWM2_0_IRQHandler
                0x0000000070002564                DCP_VMI_IRQHandler
                0x0000000070002564                DMA14_DMA30_DriverIRQHandler
                0x0000000070002564                ENET_1588_Timer_DriverIRQHandler
                0x0000000070002564                PWM2_1_IRQHandler
                0x0000000070002564                PWM2_FAULT_IRQHandler
                0x0000000070002564                FLEXIO2_DriverIRQHandler
                0x0000000070002564                UsageFault_Handler
                0x0000000070002564                WDOG1_IRQHandler
                0x0000000070002564                PMU_EVENT_IRQHandler
                0x0000000070002564                GPT1_IRQHandler
                0x0000000070002564                PWM4_1_IRQHandler
                0x0000000070002564                ACMP4_IRQHandler
                0x0000000070002564                SEMC_IRQHandler
                0x0000000070002564                DMA0_DMA16_DriverIRQHandler
                0x0000000070002564                DefaultISR
                0x0000000070002564                PWM1_1_IRQHandler
                0x0000000070002564                DMA2_DMA18_DriverIRQHandler
                0x0000000070002564                PWM3_0_IRQHandler
                0x0000000070002564                USDHC1_DriverIRQHandler
                0x0000000070002564                PWM3_3_IRQHandler
                0x0000000070002564                GPIO1_INT0_IRQHandler
                0x0000000070002564                CSU_IRQHandler
                0x0000000070002564                ADC1_IRQHandler
                0x0000000070002564                FLEXIO1_DriverIRQHandler
                0x0000000070002564                ENET_DriverIRQHandler
                0x0000000070002564                GPIO1_Combined_16_31_IRQHandler
                0x0000000070002564                RTWDOG_IRQHandler
                0x0000000070002564                Reserved78_IRQHandler
                0x0000000070002564                SAI1_DriverIRQHandler
                0x0000000070002564                DMA12_DMA28_DriverIRQHandler
                0x0000000070002564                ENC3_IRQHandler
                0x0000000070002564                GPIO3_Combined_16_31_IRQHandler
                0x0000000070002564                EWM_IRQHandler
                0x0000000070002564                TEMP_LOW_HIGH_IRQHandler
                0x0000000070002564                WDOG2_IRQHandler
                0x0000000070002564                GPIO1_INT5_IRQHandler
                0x0000000070002564                FLEXSPI_DriverIRQHandler
                0x0000000070002564                PWM3_1_IRQHandler
                0x0000000070002564                PWM2_3_IRQHandler
                0x0000000070002564                CORE_IRQHandler
                0x0000000070002564                DMA10_DMA26_DriverIRQHandler
                0x0000000070002564                TEMP_PANIC_IRQHandler
                0x0000000070002564                GPIO1_INT6_IRQHandler
                0x0000000070002564                PWM1_2_IRQHandler
                0x0000000070002564                Reserved144_IRQHandler
                0x0000000070002564                GPR_IRQ_IRQHandler
                0x0000000070002564                GPC_IRQHandler
                0x0000000070002564                DCDC_IRQHandler
                0x0000000070002564                GPIO3_Combined_0_15_IRQHandler
                0x0000000070002564                PWM4_3_IRQHandler
                0x0000000070002564                DMA1_DMA17_DriverIRQHandler
                0x0000000070002564                CAN2_DriverIRQHandler
                0x0000000070002564                GPIO5_Combined_16_31_IRQHandler
                0x0000000070002564                TMR2_IRQHandler
                0x0000000070002564                ADC_ETC_ERROR_IRQ_IRQHandler
                0x0000000070002564                DMA8_DMA24_DriverIRQHandler
                0x0000000070002564                PWM4_2_IRQHandler
                0x0000000070002564                DMA6_DMA22_DriverIRQHandler
                0x0000000070002564                BEE_IRQHandler
                0x0000000070002564                GPIO1_INT1_IRQHandler
                0x0000000070002564                ADC_ETC_IRQ2_IRQHandler
                0x0000000070002564                GPIO1_INT4_IRQHandler
                0x0000000070002564                CCM_2_IRQHandler
                0x0000000070002564                KPP_IRQHandler
                0x0000000070002568                NMI_Handler
                0x000000007000256c                HardFault_Handler
                0x000000007000257c                DMA0_DMA16_IRQHandler
                0x0000000070002580                DMA1_DMA17_IRQHandler
                0x0000000070002584                DMA2_DMA18_IRQHandler
                0x0000000070002588                DMA3_DMA19_IRQHandler
                0x000000007000258c                DMA4_DMA20_IRQHandler
                0x0000000070002590                DMA5_DMA21_IRQHandler
                0x0000000070002594                DMA6_DMA22_IRQHandler
                0x0000000070002598                DMA7_DMA23_IRQHandler
                0x000000007000259c                DMA8_DMA24_IRQHandler
                0x00000000700025a0                DMA9_DMA25_IRQHandler
                0x00000000700025a4                DMA10_DMA26_IRQHandler
                0x00000000700025a8                DMA11_DMA27_IRQHandler
                0x00000000700025ac                DMA12_DMA28_IRQHandler
                0x00000000700025b0                DMA13_DMA29_IRQHandler
                0x00000000700025b4                DMA14_DMA30_IRQHandler
                0x00000000700025b8                DMA15_DMA31_IRQHandler
                0x00000000700025bc                DMA_ERROR_IRQHandler
                0x00000000700025c0                LPUART1_IRQHandler
                0x00000000700025c4                LPUART2_IRQHandler
                0x00000000700025c8                LPUART3_IRQHandler
                0x00000000700025cc                LPUART4_IRQHandler
                0x00000000700025d0                LPUART5_IRQHandler
                0x00000000700025d4                LPUART6_IRQHandler
                0x00000000700025d8                LPUART7_IRQHandler
                0x00000000700025dc                LPUART8_IRQHandler
                0x00000000700025e0                LPI2C1_IRQHandler
                0x00000000700025e4                LPI2C2_IRQHandler
                0x00000000700025e8                LPI2C3_IRQHandler
                0x00000000700025ec                LPI2C4_IRQHandler
                0x00000000700025f0                LPSPI1_IRQHandler
                0x00000000700025f4                LPSPI2_IRQHandler
                0x00000000700025f8                LPSPI3_IRQHandler
                0x00000000700025fc                LPSPI4_IRQHandler
                0x0000000070002600                CAN1_IRQHandler
                0x0000000070002604                CAN2_IRQHandler
                0x0000000070002608                SAI1_IRQHandler
                0x000000007000260c                SAI2_IRQHandler
                0x0000000070002610                SAI3_RX_IRQHandler
                0x0000000070002614                SAI3_TX_IRQHandler
                0x0000000070002618                SPDIF_IRQHandler
                0x000000007000261c                FLEXIO1_IRQHandler
                0x0000000070002620                FLEXIO2_IRQHandler
                0x0000000070002624                FLEXSPI2_IRQHandler
                0x0000000070002628                FLEXSPI_IRQHandler
                0x000000007000262c                USDHC1_IRQHandler
                0x0000000070002630                USDHC2_IRQHandler
                0x0000000070002634                ENET_IRQHandler
                0x0000000070002638                ENET_1588_Timer_IRQHandler
                0x000000007000263c                ENET2_IRQHandler
                0x0000000070002640                ENET2_1588_Timer_IRQHandler
                0x0000000070002644                CAN3_IRQHandler
                0x0000000070002648                FLEXIO3_IRQHandler
 .text          0x0000000070002730       0xa0 CMakeFiles/dev_cdc_vcom_freertos.elf.dir/Users/mx3g/work_space/NXP/rt1064_sdk/SDK_25_03_00_MIMXRT1064xxxxB/devices/MIMXRT1064/utilities/fsl_memcpy.S.obj
                0x0000000070002730                memcpy
 .text          0x00000000700027d0       0x10 /opt/homebrew/Cellar/gcc-arm-none-eabi/20200630/bin/../lib/gcc/arm-none-eabi/9.3.1/../../../../arm-none-eabi/lib/thumb/v7e-m+dp/hard/libc_nano.a(lib_a-strlen.o)
                0x00000000700027d0                strlen
 .text          0x00000000700027e0       0x30 /opt/homebrew/Cellar/gcc-arm-none-eabi/20200630/bin/../lib/gcc/arm-none-eabi/9.3.1/thumb/v7e-m+dp/hard/libgcc.a(_aeabi_uldivmod.o)
                0x00000000700027e0                __aeabi_uldivmod
 .text          0x0000000070002810      0x2c4 /opt/homebrew/Cellar/gcc-arm-none-eabi/20200630/bin/../lib/gcc/arm-none-eabi/9.3.1/thumb/v7e-m+dp/hard/libgcc.a(_udivmoddi4.o)
                0x0000000070002810                __udivmoddi4
 .text          0x0000000070002ad4        0x4 /opt/homebrew/Cellar/gcc-arm-none-eabi/20200630/bin/../lib/gcc/arm-none-eabi/9.3.1/thumb/v7e-m+dp/hard/libgcc.a(_dvmd_tls.o)
                0x0000000070002ad4                __aeabi_ldiv0
                0x0000000070002ad4                __aeabi_idiv0
 *(.text*)
 .text.USB_DeviceGetDeviceDescriptor
                0x0000000070002ad8       0x28 CMakeFiles/dev_cdc_vcom_freertos.elf.dir/Users/mx3g/work_space/NXP/rt1064_sdk/SDK_25_03_00_MIMXRT1064xxxxB/boards/evkmimxrt1064/usb_examples/usb_device_cdc_vcom/freertos/usb_device_descriptor.c.obj
                0x0000000070002ad8                USB_DeviceGetDeviceDescriptor
 .text.USB_DeviceGetConfigurationDescriptor
                0x0000000070002b00       0x34 CMakeFiles/dev_cdc_vcom_freertos.elf.dir/Users/mx3g/work_space/NXP/rt1064_sdk/SDK_25_03_00_MIMXRT1064xxxxB/boards/evkmimxrt1064/usb_examples/usb_device_cdc_vcom/freertos/usb_device_descriptor.c.obj
                0x0000000070002b00                USB_DeviceGetConfigurationDescriptor
 .text.USB_DeviceGetStringDescriptor
                0x0000000070002b34       0xc0 CMakeFiles/dev_cdc_vcom_freertos.elf.dir/Users/mx3g/work_space/NXP/rt1064_sdk/SDK_25_03_00_MIMXRT1064xxxxB/boards/evkmimxrt1064/usb_examples/usb_device_cdc_vcom/freertos/usb_device_descriptor.c.obj
                0x0000000070002b34                USB_DeviceGetStringDescriptor
 .text.USB_DeviceSetSpeed
                0x0000000070002bf4      0x240 CMakeFiles/dev_cdc_vcom_freertos.elf.dir/Users/mx3g/work_space/NXP/rt1064_sdk/SDK_25_03_00_MIMXRT1064xxxxB/boards/evkmimxrt1064/usb_examples/usb_device_cdc_vcom/freertos/usb_device_descriptor.c.obj
                0x0000000070002bf4                USB_DeviceSetSpeed
 .text.DisableGlobalIRQ
                0x0000000070002e34       0x22 CMakeFiles/dev_cdc_vcom_freertos.elf.dir/Users/mx3g/work_space/NXP/rt1064_sdk/SDK_25_03_00_MIMXRT1064xxxxB/boards/evkmimxrt1064/usb_examples/usb_device_cdc_vcom/freertos/virtual_com.c.obj
 .text.EnableGlobalIRQ
                0x0000000070002e56       0x20 CMakeFiles/dev_cdc_vcom_freertos.elf.dir/Users/mx3g/work_space/NXP/rt1064_sdk/SDK_25_03_00_MIMXRT1064xxxxB/boards/evkmimxrt1064/usb_examples/usb_device_cdc_vcom/freertos/virtual_com.c.obj
 *fill*         0x0000000070002e76        0x2 
 .text.USB_DeviceCdcVcomCallback
                0x0000000070002e78      0x364 CMakeFiles/dev_cdc_vcom_freertos.elf.dir/Users/mx3g/work_space/NXP/rt1064_sdk/SDK_25_03_00_MIMXRT1064xxxxB/boards/evkmimxrt1064/usb_examples/usb_device_cdc_vcom/freertos/virtual_com.c.obj
                0x0000000070002e78                USB_DeviceCdcVcomCallback
 .text.USB_DeviceCallback
                0x00000000700031dc      0x20c CMakeFiles/dev_cdc_vcom_freertos.elf.dir/Users/mx3g/work_space/NXP/rt1064_sdk/SDK_25_03_00_MIMXRT1064xxxxB/boards/evkmimxrt1064/usb_examples/usb_device_cdc_vcom/freertos/virtual_com.c.obj
                0x00000000700031dc                USB_DeviceCallback
 .text.CDC_VCOM_FreeRTOSEnterCritical
                0x00000000700033e8       0x1c CMakeFiles/dev_cdc_vcom_freertos.elf.dir/Users/mx3g/work_space/NXP/rt1064_sdk/SDK_25_03_00_MIMXRT1064xxxxB/boards/evkmimxrt1064/usb_examples/usb_device_cdc_vcom/freertos/virtual_com.c.obj
 .text.CDC_VCOM_FreeRTOSExitCritical
                0x0000000070003404       0x16 CMakeFiles/dev_cdc_vcom_freertos.elf.dir/Users/mx3g/work_space/NXP/rt1064_sdk/SDK_25_03_00_MIMXRT1064xxxxB/boards/evkmimxrt1064/usb_examples/usb_device_cdc_vcom/freertos/virtual_com.c.obj
 *fill*         0x000000007000341a        0x2 
 .text.USB_DeviceApplicationInit
                0x000000007000341c       0x78 CMakeFiles/dev_cdc_vcom_freertos.elf.dir/Users/mx3g/work_space/NXP/rt1064_sdk/SDK_25_03_00_MIMXRT1064xxxxB/boards/evkmimxrt1064/usb_examples/usb_device_cdc_vcom/freertos/virtual_com.c.obj
                0x000000007000341c                USB_DeviceApplicationInit
 .text.APPTask  0x0000000070003494       0xb4 CMakeFiles/dev_cdc_vcom_freertos.elf.dir/Users/mx3g/work_space/NXP/rt1064_sdk/SDK_25_03_00_MIMXRT1064xxxxB/boards/evkmimxrt1064/usb_examples/usb_device_cdc_vcom/freertos/virtual_com.c.obj
                0x0000000070003494                APPTask
 .text.main     0x0000000070003548       0x54 CMakeFiles/dev_cdc_vcom_freertos.elf.dir/Users/mx3g/work_space/NXP/rt1064_sdk/SDK_25_03_00_MIMXRT1064xxxxB/boards/evkmimxrt1064/usb_examples/usb_device_cdc_vcom/freertos/virtual_com.c.obj
                0x0000000070003548                main
 .text.__NVIC_EnableIRQ
                0x000000007000359c       0x3c CMakeFiles/dev_cdc_vcom_freertos.elf.dir/Users/mx3g/work_space/NXP/rt1064_sdk/SDK_25_03_00_MIMXRT1064xxxxB/boards/evkmimxrt1064/usb_examples/usb_device_cdc_vcom/freertos/hardware_init.c.obj
 .text.__NVIC_SetPriority
                0x00000000700035d8       0x54 CMakeFiles/dev_cdc_vcom_freertos.elf.dir/Users/mx3g/work_space/NXP/rt1064_sdk/SDK_25_03_00_MIMXRT1064xxxxB/boards/evkmimxrt1064/usb_examples/usb_device_cdc_vcom/freertos/hardware_init.c.obj
 .text.EnableIRQ
                0x000000007000362c       0x32 CMakeFiles/dev_cdc_vcom_freertos.elf.dir/Users/mx3g/work_space/NXP/rt1064_sdk/SDK_25_03_00_MIMXRT1064xxxxB/boards/evkmimxrt1064/usb_examples/usb_device_cdc_vcom/freertos/hardware_init.c.obj
 .text.BOARD_InitHardware
                0x000000007000365e       0x18 CMakeFiles/dev_cdc_vcom_freertos.elf.dir/Users/mx3g/work_space/NXP/rt1064_sdk/SDK_25_03_00_MIMXRT1064xxxxB/boards/evkmimxrt1064/usb_examples/usb_device_cdc_vcom/freertos/hardware_init.c.obj
                0x000000007000365e                BOARD_InitHardware
 *fill*         0x0000000070003676        0x2 
 .text.USB_OTG1_IRQHandler
                0x0000000070003678       0x18 CMakeFiles/dev_cdc_vcom_freertos.elf.dir/Users/mx3g/work_space/NXP/rt1064_sdk/SDK_25_03_00_MIMXRT1064xxxxB/boards/evkmimxrt1064/usb_examples/usb_device_cdc_vcom/freertos/hardware_init.c.obj
                0x0000000070003678                USB_OTG1_IRQHandler
 .text.USB_OTG2_IRQHandler
                0x0000000070003690       0x18 CMakeFiles/dev_cdc_vcom_freertos.elf.dir/Users/mx3g/work_space/NXP/rt1064_sdk/SDK_25_03_00_MIMXRT1064xxxxB/boards/evkmimxrt1064/usb_examples/usb_device_cdc_vcom/freertos/hardware_init.c.obj
                0x0000000070003690                USB_OTG2_IRQHandler
 .text.USB_DeviceClockInit
                0x00000000700036a8       0x48 CMakeFiles/dev_cdc_vcom_freertos.elf.dir/Users/mx3g/work_space/NXP/rt1064_sdk/SDK_25_03_00_MIMXRT1064xxxxB/boards/evkmimxrt1064/usb_examples/usb_device_cdc_vcom/freertos/hardware_init.c.obj
                0x00000000700036a8                USB_DeviceClockInit
 .text.USB_DeviceIsrEnable
                0x00000000700036f0       0x2e CMakeFiles/dev_cdc_vcom_freertos.elf.dir/Users/mx3g/work_space/NXP/rt1064_sdk/SDK_25_03_00_MIMXRT1064xxxxB/boards/evkmimxrt1064/usb_examples/usb_device_cdc_vcom/freertos/hardware_init.c.obj
                0x00000000700036f0                USB_DeviceIsrEnable
 .text._SDK_AtomicLocalClearAndSet4Byte
                0x000000007000371e       0x50 CMakeFiles/dev_cdc_vcom_freertos.elf.dir/Users/mx3g/work_space/NXP/rt1064_sdk/SDK_25_03_00_MIMXRT1064xxxxB/boards/evkmimxrt1064/usb_examples/usb_device_cdc_vcom/freertos/pin_mux.c.obj
 *fill*         0x000000007000376e        0x2 
 .text.CLOCK_ControlGate
                0x0000000070003770       0x70 CMakeFiles/dev_cdc_vcom_freertos.elf.dir/Users/mx3g/work_space/NXP/rt1064_sdk/SDK_25_03_00_MIMXRT1064xxxxB/boards/evkmimxrt1064/usb_examples/usb_device_cdc_vcom/freertos/pin_mux.c.obj
 .text.CLOCK_EnableClock
                0x00000000700037e0       0x1e CMakeFiles/dev_cdc_vcom_freertos.elf.dir/Users/mx3g/work_space/NXP/rt1064_sdk/SDK_25_03_00_MIMXRT1064xxxxB/boards/evkmimxrt1064/usb_examples/usb_device_cdc_vcom/freertos/pin_mux.c.obj
 .text.IOMUXC_SetPinMux
                0x00000000700037fe       0x3a CMakeFiles/dev_cdc_vcom_freertos.elf.dir/Users/mx3g/work_space/NXP/rt1064_sdk/SDK_25_03_00_MIMXRT1064xxxxB/boards/evkmimxrt1064/usb_examples/usb_device_cdc_vcom/freertos/pin_mux.c.obj
 .text.IOMUXC_SetPinConfig
                0x0000000070003838       0x26 CMakeFiles/dev_cdc_vcom_freertos.elf.dir/Users/mx3g/work_space/NXP/rt1064_sdk/SDK_25_03_00_MIMXRT1064xxxxB/boards/evkmimxrt1064/usb_examples/usb_device_cdc_vcom/freertos/pin_mux.c.obj
 .text.BOARD_InitBootPins
                0x000000007000385e        0xc CMakeFiles/dev_cdc_vcom_freertos.elf.dir/Users/mx3g/work_space/NXP/rt1064_sdk/SDK_25_03_00_MIMXRT1064xxxxB/boards/evkmimxrt1064/usb_examples/usb_device_cdc_vcom/freertos/pin_mux.c.obj
                0x000000007000385e                BOARD_InitBootPins
 *fill*         0x000000007000386a        0x2 
 .text.BOARD_InitPins
                0x000000007000386c       0x78 CMakeFiles/dev_cdc_vcom_freertos.elf.dir/Users/mx3g/work_space/NXP/rt1064_sdk/SDK_25_03_00_MIMXRT1064xxxxB/boards/evkmimxrt1064/usb_examples/usb_device_cdc_vcom/freertos/pin_mux.c.obj
                0x000000007000386c                BOARD_InitPins
 .text.ARM_MPU_Enable
                0x00000000700038e4       0x44 CMakeFiles/dev_cdc_vcom_freertos.elf.dir/Users/mx3g/work_space/NXP/rt1064_sdk/SDK_25_03_00_MIMXRT1064xxxxB/boards/evkmimxrt1064/usb_examples/usb_device_cdc_vcom/freertos/board.c.obj
 .text.ARM_MPU_Disable
                0x0000000070003928       0x40 CMakeFiles/dev_cdc_vcom_freertos.elf.dir/Users/mx3g/work_space/NXP/rt1064_sdk/SDK_25_03_00_MIMXRT1064xxxxB/boards/evkmimxrt1064/usb_examples/usb_device_cdc_vcom/freertos/board.c.obj
 .text.CLOCK_GetMux
                0x0000000070003968       0x44 CMakeFiles/dev_cdc_vcom_freertos.elf.dir/Users/mx3g/work_space/NXP/rt1064_sdk/SDK_25_03_00_MIMXRT1064xxxxB/boards/evkmimxrt1064/usb_examples/usb_device_cdc_vcom/freertos/board.c.obj
 .text.CLOCK_GetDiv
                0x00000000700039ac       0x44 CMakeFiles/dev_cdc_vcom_freertos.elf.dir/Users/mx3g/work_space/NXP/rt1064_sdk/SDK_25_03_00_MIMXRT1064xxxxB/boards/evkmimxrt1064/usb_examples/usb_device_cdc_vcom/freertos/board.c.obj
 .text.CLOCK_GetOscFreq
                0x00000000700039f0       0x30 CMakeFiles/dev_cdc_vcom_freertos.elf.dir/Users/mx3g/work_space/NXP/rt1064_sdk/SDK_25_03_00_MIMXRT1064xxxxB/boards/evkmimxrt1064/usb_examples/usb_device_cdc_vcom/freertos/board.c.obj
 .text.BOARD_DebugConsoleSrcFreq
                0x0000000070003a20       0x64 CMakeFiles/dev_cdc_vcom_freertos.elf.dir/Users/mx3g/work_space/NXP/rt1064_sdk/SDK_25_03_00_MIMXRT1064xxxxB/boards/evkmimxrt1064/usb_examples/usb_device_cdc_vcom/freertos/board.c.obj
                0x0000000070003a20                BOARD_DebugConsoleSrcFreq
 .text.BOARD_InitDebugConsole
                0x0000000070003a84       0x22 CMakeFiles/dev_cdc_vcom_freertos.elf.dir/Users/mx3g/work_space/NXP/rt1064_sdk/SDK_25_03_00_MIMXRT1064xxxxB/boards/evkmimxrt1064/usb_examples/usb_device_cdc_vcom/freertos/board.c.obj
                0x0000000070003a84                BOARD_InitDebugConsole
 *fill*         0x0000000070003aa6        0x2 
 .text.BOARD_ConfigMPU
                0x0000000070003aa8      0x348 CMakeFiles/dev_cdc_vcom_freertos.elf.dir/Users/mx3g/work_space/NXP/rt1064_sdk/SDK_25_03_00_MIMXRT1064xxxxB/boards/evkmimxrt1064/usb_examples/usb_device_cdc_vcom/freertos/board.c.obj
                0x0000000070003aa8                BOARD_ConfigMPU
 .text._SDK_AtomicLocalClearAndSet4Byte
                0x0000000070003df0       0x50 CMakeFiles/dev_cdc_vcom_freertos.elf.dir/Users/mx3g/work_space/NXP/rt1064_sdk/SDK_25_03_00_MIMXRT1064xxxxB/boards/evkmimxrt1064/usb_examples/usb_device_cdc_vcom/freertos/clock_config.c.obj
 .text.CLOCK_SetMux
                0x0000000070003e40       0xac CMakeFiles/dev_cdc_vcom_freertos.elf.dir/Users/mx3g/work_space/NXP/rt1064_sdk/SDK_25_03_00_MIMXRT1064xxxxB/boards/evkmimxrt1064/usb_examples/usb_device_cdc_vcom/freertos/clock_config.c.obj
 .text.CLOCK_SetDiv
                0x0000000070003eec       0xac CMakeFiles/dev_cdc_vcom_freertos.elf.dir/Users/mx3g/work_space/NXP/rt1064_sdk/SDK_25_03_00_MIMXRT1064xxxxB/boards/evkmimxrt1064/usb_examples/usb_device_cdc_vcom/freertos/clock_config.c.obj
 .text.CLOCK_ControlGate
                0x0000000070003f98       0x70 CMakeFiles/dev_cdc_vcom_freertos.elf.dir/Users/mx3g/work_space/NXP/rt1064_sdk/SDK_25_03_00_MIMXRT1064xxxxB/boards/evkmimxrt1064/usb_examples/usb_device_cdc_vcom/freertos/clock_config.c.obj
 .text.CLOCK_DisableClock
                0x0000000070004008       0x1e CMakeFiles/dev_cdc_vcom_freertos.elf.dir/Users/mx3g/work_space/NXP/rt1064_sdk/SDK_25_03_00_MIMXRT1064xxxxB/boards/evkmimxrt1064/usb_examples/usb_device_cdc_vcom/freertos/clock_config.c.obj
 *fill*         0x0000000070004026        0x2 
 .text.CLOCK_SetXtalFreq
                0x0000000070004028       0x20 CMakeFiles/dev_cdc_vcom_freertos.elf.dir/Users/mx3g/work_space/NXP/rt1064_sdk/SDK_25_03_00_MIMXRT1064xxxxB/boards/evkmimxrt1064/usb_examples/usb_device_cdc_vcom/freertos/clock_config.c.obj
 .text.CLOCK_SetRtcXtalFreq
                0x0000000070004048       0x20 CMakeFiles/dev_cdc_vcom_freertos.elf.dir/Users/mx3g/work_space/NXP/rt1064_sdk/SDK_25_03_00_MIMXRT1064xxxxB/boards/evkmimxrt1064/usb_examples/usb_device_cdc_vcom/freertos/clock_config.c.obj
 .text.CLOCK_SetPllBypass
                0x0000000070004068       0x4e CMakeFiles/dev_cdc_vcom_freertos.elf.dir/Users/mx3g/work_space/NXP/rt1064_sdk/SDK_25_03_00_MIMXRT1064xxxxB/boards/evkmimxrt1064/usb_examples/usb_device_cdc_vcom/freertos/clock_config.c.obj
 .text.IOMUXC_SetSaiMClkClockSource
                0x00000000700040b6       0x6c CMakeFiles/dev_cdc_vcom_freertos.elf.dir/Users/mx3g/work_space/NXP/rt1064_sdk/SDK_25_03_00_MIMXRT1064xxxxB/boards/evkmimxrt1064/usb_examples/usb_device_cdc_vcom/freertos/clock_config.c.obj
 *fill*         0x0000000070004122        0x2 
 .text.IOMUXC_MQSConfig
                0x0000000070004124       0x44 CMakeFiles/dev_cdc_vcom_freertos.elf.dir/Users/mx3g/work_space/NXP/rt1064_sdk/SDK_25_03_00_MIMXRT1064xxxxB/boards/evkmimxrt1064/usb_examples/usb_device_cdc_vcom/freertos/clock_config.c.obj
 .text.BOARD_InitBootClocks
                0x0000000070004168        0xc CMakeFiles/dev_cdc_vcom_freertos.elf.dir/Users/mx3g/work_space/NXP/rt1064_sdk/SDK_25_03_00_MIMXRT1064xxxxB/boards/evkmimxrt1064/usb_examples/usb_device_cdc_vcom/freertos/clock_config.c.obj
                0x0000000070004168                BOARD_InitBootClocks
 .text.BOARD_BootClockRUN
                0x0000000070004174      0x6d0 CMakeFiles/dev_cdc_vcom_freertos.elf.dir/Users/mx3g/work_space/NXP/rt1064_sdk/SDK_25_03_00_MIMXRT1064xxxxB/boards/evkmimxrt1064/usb_examples/usb_device_cdc_vcom/freertos/clock_config.c.obj
                0x0000000070004174                BOARD_BootClockRUN
 .text.HAL_UartGetStatus
                0x0000000070004844       0x28 CMakeFiles/dev_cdc_vcom_freertos.elf.dir/Users/mx3g/work_space/NXP/rt1064_sdk/SDK_25_03_00_MIMXRT1064xxxxB/components/uart/fsl_adapter_lpuart.c.obj
 .text.HAL_UartInitCommon
                0x000000007000486c       0xe0 CMakeFiles/dev_cdc_vcom_freertos.elf.dir/Users/mx3g/work_space/NXP/rt1064_sdk/SDK_25_03_00_MIMXRT1064xxxxB/components/uart/fsl_adapter_lpuart.c.obj
 .text.HAL_UartInit
                0x000000007000494c       0xac CMakeFiles/dev_cdc_vcom_freertos.elf.dir/Users/mx3g/work_space/NXP/rt1064_sdk/SDK_25_03_00_MIMXRT1064xxxxB/components/uart/fsl_adapter_lpuart.c.obj
                0x000000007000494c                HAL_UartInit
 .text.HAL_UartReceiveBlocking
                0x00000000700049f8       0x8c CMakeFiles/dev_cdc_vcom_freertos.elf.dir/Users/mx3g/work_space/NXP/rt1064_sdk/SDK_25_03_00_MIMXRT1064xxxxB/components/uart/fsl_adapter_lpuart.c.obj
                0x00000000700049f8                HAL_UartReceiveBlocking
 .text.HAL_UartSendBlocking
                0x0000000070004a84       0x84 CMakeFiles/dev_cdc_vcom_freertos.elf.dir/Users/mx3g/work_space/NXP/rt1064_sdk/SDK_25_03_00_MIMXRT1064xxxxB/components/uart/fsl_adapter_lpuart.c.obj
                0x0000000070004a84                HAL_UartSendBlocking
 .text.OSA_EnterCritical
                0x0000000070004b08       0x40 CMakeFiles/dev_cdc_vcom_freertos.elf.dir/Users/mx3g/work_space/NXP/rt1064_sdk/SDK_25_03_00_MIMXRT1064xxxxB/components/osa/fsl_os_abstraction_free_rtos.c.obj
                0x0000000070004b08                OSA_EnterCritical
 .text.OSA_ExitCritical
                0x0000000070004b48       0x2e CMakeFiles/dev_cdc_vcom_freertos.elf.dir/Users/mx3g/work_space/NXP/rt1064_sdk/SDK_25_03_00_MIMXRT1064xxxxB/components/osa/fsl_os_abstraction_free_rtos.c.obj
                0x0000000070004b48                OSA_ExitCritical
 *fill*         0x0000000070004b76        0x2 
 .text.OSA_MutexCreate
                0x0000000070004b78       0x50 CMakeFiles/dev_cdc_vcom_freertos.elf.dir/Users/mx3g/work_space/NXP/rt1064_sdk/SDK_25_03_00_MIMXRT1064xxxxB/components/osa/fsl_os_abstraction_free_rtos.c.obj
                0x0000000070004b78                OSA_MutexCreate
 .text.OSA_MutexDestroy
                0x0000000070004bc8       0x40 CMakeFiles/dev_cdc_vcom_freertos.elf.dir/Users/mx3g/work_space/NXP/rt1064_sdk/SDK_25_03_00_MIMXRT1064xxxxB/components/osa/fsl_os_abstraction_free_rtos.c.obj
                0x0000000070004bc8                OSA_MutexDestroy
 .text.SystemInit
                0x0000000070004c08      0x138 CMakeFiles/dev_cdc_vcom_freertos.elf.dir/Users/mx3g/work_space/NXP/rt1064_sdk/SDK_25_03_00_MIMXRT1064xxxxB/devices/MIMXRT1064/system_MIMXRT1064.c.obj
                0x0000000070004c08                SystemInit
 .text.SystemInitHook
                0x0000000070004d40        0xe CMakeFiles/dev_cdc_vcom_freertos.elf.dir/Users/mx3g/work_space/NXP/rt1064_sdk/SDK_25_03_00_MIMXRT1064xxxxB/devices/MIMXRT1064/system_MIMXRT1064.c.obj
                0x0000000070004d40                SystemInitHook
 *fill*         0x0000000070004d4e        0x2 
 .text.CLOCK_GetOscFreq
                0x0000000070004d50       0x30 CMakeFiles/dev_cdc_vcom_freertos.elf.dir/Users/mx3g/work_space/NXP/rt1064_sdk/SDK_25_03_00_MIMXRT1064xxxxB/devices/MIMXRT1064/drivers/fsl_clock.c.obj
 .text.CLOCK_IsPllBypassed
                0x0000000070004d80       0x32 CMakeFiles/dev_cdc_vcom_freertos.elf.dir/Users/mx3g/work_space/NXP/rt1064_sdk/SDK_25_03_00_MIMXRT1064xxxxB/devices/MIMXRT1064/drivers/fsl_clock.c.obj
 .text.CLOCK_IsPllEnabled
                0x0000000070004db2       0x3c CMakeFiles/dev_cdc_vcom_freertos.elf.dir/Users/mx3g/work_space/NXP/rt1064_sdk/SDK_25_03_00_MIMXRT1064xxxxB/devices/MIMXRT1064/drivers/fsl_clock.c.obj
 .text.CLOCK_GetPllBypassRefClk
                0x0000000070004dee       0x34 CMakeFiles/dev_cdc_vcom_freertos.elf.dir/Users/mx3g/work_space/NXP/rt1064_sdk/SDK_25_03_00_MIMXRT1064xxxxB/devices/MIMXRT1064/drivers/fsl_clock.c.obj
 *fill*         0x0000000070004e22        0x2 
 .text.CLOCK_InitExternalClk
                0x0000000070004e24       0x78 CMakeFiles/dev_cdc_vcom_freertos.elf.dir/Users/mx3g/work_space/NXP/rt1064_sdk/SDK_25_03_00_MIMXRT1064xxxxB/devices/MIMXRT1064/drivers/fsl_clock.c.obj
                0x0000000070004e24                CLOCK_InitExternalClk
 .text.CLOCK_SwitchOsc
                0x0000000070004e9c       0x34 CMakeFiles/dev_cdc_vcom_freertos.elf.dir/Users/mx3g/work_space/NXP/rt1064_sdk/SDK_25_03_00_MIMXRT1064xxxxB/devices/MIMXRT1064/drivers/fsl_clock.c.obj
                0x0000000070004e9c                CLOCK_SwitchOsc
 .text.CLOCK_InitRcOsc24M
                0x0000000070004ed0       0x24 CMakeFiles/dev_cdc_vcom_freertos.elf.dir/Users/mx3g/work_space/NXP/rt1064_sdk/SDK_25_03_00_MIMXRT1064xxxxB/devices/MIMXRT1064/drivers/fsl_clock.c.obj
                0x0000000070004ed0                CLOCK_InitRcOsc24M
 .text.CLOCK_EnableUsbhs0Clock
                0x0000000070004ef4       0x7c CMakeFiles/dev_cdc_vcom_freertos.elf.dir/Users/mx3g/work_space/NXP/rt1064_sdk/SDK_25_03_00_MIMXRT1064xxxxB/devices/MIMXRT1064/drivers/fsl_clock.c.obj
                0x0000000070004ef4                CLOCK_EnableUsbhs0Clock
 .text.CLOCK_EnableUsbhs0PhyPllClock
                0x0000000070004f70       0x6c CMakeFiles/dev_cdc_vcom_freertos.elf.dir/Users/mx3g/work_space/NXP/rt1064_sdk/SDK_25_03_00_MIMXRT1064xxxxB/devices/MIMXRT1064/drivers/fsl_clock.c.obj
                0x0000000070004f70                CLOCK_EnableUsbhs0PhyPllClock
 .text.CLOCK_InitArmPll
                0x0000000070004fdc       0x68 CMakeFiles/dev_cdc_vcom_freertos.elf.dir/Users/mx3g/work_space/NXP/rt1064_sdk/SDK_25_03_00_MIMXRT1064xxxxB/devices/MIMXRT1064/drivers/fsl_clock.c.obj
                0x0000000070004fdc                CLOCK_InitArmPll
 .text.CLOCK_InitSysPll
                0x0000000070005044       0x9c CMakeFiles/dev_cdc_vcom_freertos.elf.dir/Users/mx3g/work_space/NXP/rt1064_sdk/SDK_25_03_00_MIMXRT1064xxxxB/devices/MIMXRT1064/drivers/fsl_clock.c.obj
                0x0000000070005044                CLOCK_InitSysPll
 .text.CLOCK_InitUsb1Pll
                0x00000000700050e0       0x68 CMakeFiles/dev_cdc_vcom_freertos.elf.dir/Users/mx3g/work_space/NXP/rt1064_sdk/SDK_25_03_00_MIMXRT1064xxxxB/devices/MIMXRT1064/drivers/fsl_clock.c.obj
                0x00000000700050e0                CLOCK_InitUsb1Pll
 .text.CLOCK_DeinitUsb2Pll
                0x0000000070005148       0x18 CMakeFiles/dev_cdc_vcom_freertos.elf.dir/Users/mx3g/work_space/NXP/rt1064_sdk/SDK_25_03_00_MIMXRT1064xxxxB/devices/MIMXRT1064/drivers/fsl_clock.c.obj
                0x0000000070005148                CLOCK_DeinitUsb2Pll
 .text.CLOCK_DeinitAudioPll
                0x0000000070005160       0x1c CMakeFiles/dev_cdc_vcom_freertos.elf.dir/Users/mx3g/work_space/NXP/rt1064_sdk/SDK_25_03_00_MIMXRT1064xxxxB/devices/MIMXRT1064/drivers/fsl_clock.c.obj
                0x0000000070005160                CLOCK_DeinitAudioPll
 .text.CLOCK_DeinitEnetPll
                0x000000007000517c       0x1c CMakeFiles/dev_cdc_vcom_freertos.elf.dir/Users/mx3g/work_space/NXP/rt1064_sdk/SDK_25_03_00_MIMXRT1064xxxxB/devices/MIMXRT1064/drivers/fsl_clock.c.obj
                0x000000007000517c                CLOCK_DeinitEnetPll
 .text.CLOCK_GetPllFreq
                0x0000000070005198      0x400 CMakeFiles/dev_cdc_vcom_freertos.elf.dir/Users/mx3g/work_space/NXP/rt1064_sdk/SDK_25_03_00_MIMXRT1064xxxxB/devices/MIMXRT1064/drivers/fsl_clock.c.obj
                0x0000000070005198                CLOCK_GetPllFreq
 .text.CLOCK_InitSysPfd
                0x0000000070005598       0x64 CMakeFiles/dev_cdc_vcom_freertos.elf.dir/Users/mx3g/work_space/NXP/rt1064_sdk/SDK_25_03_00_MIMXRT1064xxxxB/devices/MIMXRT1064/drivers/fsl_clock.c.obj
                0x0000000070005598                CLOCK_InitSysPfd
 .text.DelayLoop
                0x00000000700055fc       0x20 CMakeFiles/dev_cdc_vcom_freertos.elf.dir/Users/mx3g/work_space/NXP/rt1064_sdk/SDK_25_03_00_MIMXRT1064xxxxB/devices/MIMXRT1064/drivers/fsl_common_arm.c.obj
 .text.SDK_DelayAtLeastUs
                0x000000007000561c       0x9c CMakeFiles/dev_cdc_vcom_freertos.elf.dir/Users/mx3g/work_space/NXP/rt1064_sdk/SDK_25_03_00_MIMXRT1064xxxxB/devices/MIMXRT1064/drivers/fsl_common_arm.c.obj
                0x000000007000561c                SDK_DelayAtLeastUs
 .text._SDK_AtomicLocalClearAndSet4Byte
                0x00000000700056b8       0x50 CMakeFiles/dev_cdc_vcom_freertos.elf.dir/Users/mx3g/work_space/NXP/rt1064_sdk/SDK_25_03_00_MIMXRT1064xxxxB/devices/MIMXRT1064/drivers/fsl_lpuart.c.obj
 .text.CLOCK_ControlGate
                0x0000000070005708       0x70 CMakeFiles/dev_cdc_vcom_freertos.elf.dir/Users/mx3g/work_space/NXP/rt1064_sdk/SDK_25_03_00_MIMXRT1064xxxxB/devices/MIMXRT1064/drivers/fsl_lpuart.c.obj
 .text.CLOCK_EnableClock
                0x0000000070005778       0x1e CMakeFiles/dev_cdc_vcom_freertos.elf.dir/Users/mx3g/work_space/NXP/rt1064_sdk/SDK_25_03_00_MIMXRT1064xxxxB/devices/MIMXRT1064/drivers/fsl_lpuart.c.obj
 .text.LPUART_SoftwareReset
                0x0000000070005796       0x2c CMakeFiles/dev_cdc_vcom_freertos.elf.dir/Users/mx3g/work_space/NXP/rt1064_sdk/SDK_25_03_00_MIMXRT1064xxxxB/devices/MIMXRT1064/drivers/fsl_lpuart.c.obj
 *fill*         0x00000000700057c2        0x2 
 .text.LPUART_GetInstance
                0x00000000700057c4       0x58 CMakeFiles/dev_cdc_vcom_freertos.elf.dir/Users/mx3g/work_space/NXP/rt1064_sdk/SDK_25_03_00_MIMXRT1064xxxxB/devices/MIMXRT1064/drivers/fsl_lpuart.c.obj
                0x00000000700057c4                LPUART_GetInstance
 .text.LPUART_Init
                0x000000007000581c      0x334 CMakeFiles/dev_cdc_vcom_freertos.elf.dir/Users/mx3g/work_space/NXP/rt1064_sdk/SDK_25_03_00_MIMXRT1064xxxxB/devices/MIMXRT1064/drivers/fsl_lpuart.c.obj
                0x000000007000581c                LPUART_Init
 .text.LPUART_GetDefaultConfig
                0x0000000070005b50       0x98 CMakeFiles/dev_cdc_vcom_freertos.elf.dir/Users/mx3g/work_space/NXP/rt1064_sdk/SDK_25_03_00_MIMXRT1064xxxxB/devices/MIMXRT1064/drivers/fsl_lpuart.c.obj
                0x0000000070005b50                LPUART_GetDefaultConfig
 .text.LPUART_GetStatusFlags
                0x0000000070005be8       0x38 CMakeFiles/dev_cdc_vcom_freertos.elf.dir/Users/mx3g/work_space/NXP/rt1064_sdk/SDK_25_03_00_MIMXRT1064xxxxB/devices/MIMXRT1064/drivers/fsl_lpuart.c.obj
                0x0000000070005be8                LPUART_GetStatusFlags
 .text.LPUART_ClearStatusFlags
                0x0000000070005c20       0x7c CMakeFiles/dev_cdc_vcom_freertos.elf.dir/Users/mx3g/work_space/NXP/rt1064_sdk/SDK_25_03_00_MIMXRT1064xxxxB/devices/MIMXRT1064/drivers/fsl_lpuart.c.obj
                0x0000000070005c20                LPUART_ClearStatusFlags
 .text.LPUART_WriteBlocking
                0x0000000070005c9c       0x78 CMakeFiles/dev_cdc_vcom_freertos.elf.dir/Users/mx3g/work_space/NXP/rt1064_sdk/SDK_25_03_00_MIMXRT1064xxxxB/devices/MIMXRT1064/drivers/fsl_lpuart.c.obj
                0x0000000070005c9c                LPUART_WriteBlocking
 .text.LPUART_ReadBlocking
                0x0000000070005d14      0x170 CMakeFiles/dev_cdc_vcom_freertos.elf.dir/Users/mx3g/work_space/NXP/rt1064_sdk/SDK_25_03_00_MIMXRT1064xxxxB/devices/MIMXRT1064/drivers/fsl_lpuart.c.obj
                0x0000000070005d14                LPUART_ReadBlocking
 .text.LPUART1_DriverIRQHandler
                0x0000000070005e84       0x28 CMakeFiles/dev_cdc_vcom_freertos.elf.dir/Users/mx3g/work_space/NXP/rt1064_sdk/SDK_25_03_00_MIMXRT1064xxxxB/devices/MIMXRT1064/drivers/fsl_lpuart.c.obj
                0x0000000070005e84                LPUART1_DriverIRQHandler
 .text.LPUART2_DriverIRQHandler
                0x0000000070005eac       0x28 CMakeFiles/dev_cdc_vcom_freertos.elf.dir/Users/mx3g/work_space/NXP/rt1064_sdk/SDK_25_03_00_MIMXRT1064xxxxB/devices/MIMXRT1064/drivers/fsl_lpuart.c.obj
                0x0000000070005eac                LPUART2_DriverIRQHandler
 .text.LPUART3_DriverIRQHandler
                0x0000000070005ed4       0x28 CMakeFiles/dev_cdc_vcom_freertos.elf.dir/Users/mx3g/work_space/NXP/rt1064_sdk/SDK_25_03_00_MIMXRT1064xxxxB/devices/MIMXRT1064/drivers/fsl_lpuart.c.obj
                0x0000000070005ed4                LPUART3_DriverIRQHandler
 .text.LPUART4_DriverIRQHandler
                0x0000000070005efc       0x28 CMakeFiles/dev_cdc_vcom_freertos.elf.dir/Users/mx3g/work_space/NXP/rt1064_sdk/SDK_25_03_00_MIMXRT1064xxxxB/devices/MIMXRT1064/drivers/fsl_lpuart.c.obj
                0x0000000070005efc                LPUART4_DriverIRQHandler
 .text.LPUART5_DriverIRQHandler
                0x0000000070005f24       0x28 CMakeFiles/dev_cdc_vcom_freertos.elf.dir/Users/mx3g/work_space/NXP/rt1064_sdk/SDK_25_03_00_MIMXRT1064xxxxB/devices/MIMXRT1064/drivers/fsl_lpuart.c.obj
                0x0000000070005f24                LPUART5_DriverIRQHandler
 .text.LPUART6_DriverIRQHandler
                0x0000000070005f4c       0x28 CMakeFiles/dev_cdc_vcom_freertos.elf.dir/Users/mx3g/work_space/NXP/rt1064_sdk/SDK_25_03_00_MIMXRT1064xxxxB/devices/MIMXRT1064/drivers/fsl_lpuart.c.obj
                0x0000000070005f4c                LPUART6_DriverIRQHandler
 .text.LPUART7_DriverIRQHandler
                0x0000000070005f74       0x28 CMakeFiles/dev_cdc_vcom_freertos.elf.dir/Users/mx3g/work_space/NXP/rt1064_sdk/SDK_25_03_00_MIMXRT1064xxxxB/devices/MIMXRT1064/drivers/fsl_lpuart.c.obj
                0x0000000070005f74                LPUART7_DriverIRQHandler
 .text.LPUART8_DriverIRQHandler
                0x0000000070005f9c       0x28 CMakeFiles/dev_cdc_vcom_freertos.elf.dir/Users/mx3g/work_space/NXP/rt1064_sdk/SDK_25_03_00_MIMXRT1064xxxxB/devices/MIMXRT1064/drivers/fsl_lpuart.c.obj
                0x0000000070005f9c                LPUART8_DriverIRQHandler
 .text.vListInitialise
                0x0000000070005fc4       0x40 CMakeFiles/dev_cdc_vcom_freertos.elf.dir/Users/mx3g/work_space/NXP/rt1064_sdk/SDK_25_03_00_MIMXRT1064xxxxB/rtos/freertos/freertos-kernel/list.c.obj
                0x0000000070005fc4                vListInitialise
 .text.vListInitialiseItem
                0x0000000070006004       0x1a CMakeFiles/dev_cdc_vcom_freertos.elf.dir/Users/mx3g/work_space/NXP/rt1064_sdk/SDK_25_03_00_MIMXRT1064xxxxB/rtos/freertos/freertos-kernel/list.c.obj
                0x0000000070006004                vListInitialiseItem
 .text.vListInsert
                0x000000007000601e       0x72 CMakeFiles/dev_cdc_vcom_freertos.elf.dir/Users/mx3g/work_space/NXP/rt1064_sdk/SDK_25_03_00_MIMXRT1064xxxxB/rtos/freertos/freertos-kernel/list.c.obj
                0x000000007000601e                vListInsert
 .text.uxListRemove
                0x0000000070006090       0x54 CMakeFiles/dev_cdc_vcom_freertos.elf.dir/Users/mx3g/work_space/NXP/rt1064_sdk/SDK_25_03_00_MIMXRT1064xxxxB/rtos/freertos/freertos-kernel/list.c.obj
                0x0000000070006090                uxListRemove
 .text.xQueueGenericReset
                0x00000000700060e4      0x120 CMakeFiles/dev_cdc_vcom_freertos.elf.dir/Users/mx3g/work_space/NXP/rt1064_sdk/SDK_25_03_00_MIMXRT1064xxxxB/rtos/freertos/freertos-kernel/queue.c.obj
                0x00000000700060e4                xQueueGenericReset
 .text.xQueueGenericCreate
                0x0000000070006204       0x9c CMakeFiles/dev_cdc_vcom_freertos.elf.dir/Users/mx3g/work_space/NXP/rt1064_sdk/SDK_25_03_00_MIMXRT1064xxxxB/rtos/freertos/freertos-kernel/queue.c.obj
                0x0000000070006204                xQueueGenericCreate
 .text.prvInitialiseNewQueue
                0x00000000700062a0       0x46 CMakeFiles/dev_cdc_vcom_freertos.elf.dir/Users/mx3g/work_space/NXP/rt1064_sdk/SDK_25_03_00_MIMXRT1064xxxxB/rtos/freertos/freertos-kernel/queue.c.obj
 .text.prvInitialiseMutex
                0x00000000700062e6       0x34 CMakeFiles/dev_cdc_vcom_freertos.elf.dir/Users/mx3g/work_space/NXP/rt1064_sdk/SDK_25_03_00_MIMXRT1064xxxxB/rtos/freertos/freertos-kernel/queue.c.obj
 .text.xQueueCreateMutex
                0x000000007000631a       0x30 CMakeFiles/dev_cdc_vcom_freertos.elf.dir/Users/mx3g/work_space/NXP/rt1064_sdk/SDK_25_03_00_MIMXRT1064xxxxB/rtos/freertos/freertos-kernel/queue.c.obj
                0x000000007000631a                xQueueCreateMutex
 *fill*         0x000000007000634a        0x2 
 .text.xQueueGenericSend
                0x000000007000634c      0x1fc CMakeFiles/dev_cdc_vcom_freertos.elf.dir/Users/mx3g/work_space/NXP/rt1064_sdk/SDK_25_03_00_MIMXRT1064xxxxB/rtos/freertos/freertos-kernel/queue.c.obj
                0x000000007000634c                xQueueGenericSend
 .text.xQueueReceive
                0x0000000070006548      0x1c0 CMakeFiles/dev_cdc_vcom_freertos.elf.dir/Users/mx3g/work_space/NXP/rt1064_sdk/SDK_25_03_00_MIMXRT1064xxxxB/rtos/freertos/freertos-kernel/queue.c.obj
                0x0000000070006548                xQueueReceive
 .text.vQueueDelete
                0x0000000070006708       0x3c CMakeFiles/dev_cdc_vcom_freertos.elf.dir/Users/mx3g/work_space/NXP/rt1064_sdk/SDK_25_03_00_MIMXRT1064xxxxB/rtos/freertos/freertos-kernel/queue.c.obj
                0x0000000070006708                vQueueDelete
 .text.prvCopyDataToQueue
                0x0000000070006744       0xd4 CMakeFiles/dev_cdc_vcom_freertos.elf.dir/Users/mx3g/work_space/NXP/rt1064_sdk/SDK_25_03_00_MIMXRT1064xxxxB/rtos/freertos/freertos-kernel/queue.c.obj
 .text.prvCopyDataFromQueue
                0x0000000070006818       0x4c CMakeFiles/dev_cdc_vcom_freertos.elf.dir/Users/mx3g/work_space/NXP/rt1064_sdk/SDK_25_03_00_MIMXRT1064xxxxB/rtos/freertos/freertos-kernel/queue.c.obj
 .text.prvUnlockQueue
                0x0000000070006864       0xa4 CMakeFiles/dev_cdc_vcom_freertos.elf.dir/Users/mx3g/work_space/NXP/rt1064_sdk/SDK_25_03_00_MIMXRT1064xxxxB/rtos/freertos/freertos-kernel/queue.c.obj
 .text.prvIsQueueEmpty
                0x0000000070006908       0x2c CMakeFiles/dev_cdc_vcom_freertos.elf.dir/Users/mx3g/work_space/NXP/rt1064_sdk/SDK_25_03_00_MIMXRT1064xxxxB/rtos/freertos/freertos-kernel/queue.c.obj
 .text.prvIsQueueFull
                0x0000000070006934       0x30 CMakeFiles/dev_cdc_vcom_freertos.elf.dir/Users/mx3g/work_space/NXP/rt1064_sdk/SDK_25_03_00_MIMXRT1064xxxxB/rtos/freertos/freertos-kernel/queue.c.obj
 .text.vQueueAddToRegistry
                0x0000000070006964       0x9c CMakeFiles/dev_cdc_vcom_freertos.elf.dir/Users/mx3g/work_space/NXP/rt1064_sdk/SDK_25_03_00_MIMXRT1064xxxxB/rtos/freertos/freertos-kernel/queue.c.obj
                0x0000000070006964                vQueueAddToRegistry
 .text.vQueueUnregisterQueue
                0x0000000070006a00       0x70 CMakeFiles/dev_cdc_vcom_freertos.elf.dir/Users/mx3g/work_space/NXP/rt1064_sdk/SDK_25_03_00_MIMXRT1064xxxxB/rtos/freertos/freertos-kernel/queue.c.obj
                0x0000000070006a00                vQueueUnregisterQueue
 .text.vQueueWaitForMessageRestricted
                0x0000000070006a70       0x68 CMakeFiles/dev_cdc_vcom_freertos.elf.dir/Users/mx3g/work_space/NXP/rt1064_sdk/SDK_25_03_00_MIMXRT1064xxxxB/rtos/freertos/freertos-kernel/queue.c.obj
                0x0000000070006a70                vQueueWaitForMessageRestricted
 .text.prvCreateTask
                0x0000000070006ad8       0x78 CMakeFiles/dev_cdc_vcom_freertos.elf.dir/Users/mx3g/work_space/NXP/rt1064_sdk/SDK_25_03_00_MIMXRT1064xxxxB/rtos/freertos/freertos-kernel/tasks.c.obj
 .text.xTaskCreate
                0x0000000070006b50       0x46 CMakeFiles/dev_cdc_vcom_freertos.elf.dir/Users/mx3g/work_space/NXP/rt1064_sdk/SDK_25_03_00_MIMXRT1064xxxxB/rtos/freertos/freertos-kernel/tasks.c.obj
                0x0000000070006b50                xTaskCreate
 .text.prvInitialiseNewTask
                0x0000000070006b96      0x11c CMakeFiles/dev_cdc_vcom_freertos.elf.dir/Users/mx3g/work_space/NXP/rt1064_sdk/SDK_25_03_00_MIMXRT1064xxxxB/rtos/freertos/freertos-kernel/tasks.c.obj
 *fill*         0x0000000070006cb2        0x2 
 .text.prvAddNewTaskToReadyList
                0x0000000070006cb4      0x130 CMakeFiles/dev_cdc_vcom_freertos.elf.dir/Users/mx3g/work_space/NXP/rt1064_sdk/SDK_25_03_00_MIMXRT1064xxxxB/rtos/freertos/freertos-kernel/tasks.c.obj
 .text.prvCreateIdleTasks
                0x0000000070006de4       0x94 CMakeFiles/dev_cdc_vcom_freertos.elf.dir/Users/mx3g/work_space/NXP/rt1064_sdk/SDK_25_03_00_MIMXRT1064xxxxB/rtos/freertos/freertos-kernel/tasks.c.obj
 .text.vTaskStartScheduler
                0x0000000070006e78       0x88 CMakeFiles/dev_cdc_vcom_freertos.elf.dir/Users/mx3g/work_space/NXP/rt1064_sdk/SDK_25_03_00_MIMXRT1064xxxxB/rtos/freertos/freertos-kernel/tasks.c.obj
                0x0000000070006e78                vTaskStartScheduler
 .text.vTaskSuspendAll
                0x0000000070006f00       0x1c CMakeFiles/dev_cdc_vcom_freertos.elf.dir/Users/mx3g/work_space/NXP/rt1064_sdk/SDK_25_03_00_MIMXRT1064xxxxB/rtos/freertos/freertos-kernel/tasks.c.obj
                0x0000000070006f00                vTaskSuspendAll
 .text.xTaskResumeAll
                0x0000000070006f1c      0x210 CMakeFiles/dev_cdc_vcom_freertos.elf.dir/Users/mx3g/work_space/NXP/rt1064_sdk/SDK_25_03_00_MIMXRT1064xxxxB/rtos/freertos/freertos-kernel/tasks.c.obj
                0x0000000070006f1c                xTaskResumeAll
 .text.xTaskGetTickCount
                0x000000007000712c       0x20 CMakeFiles/dev_cdc_vcom_freertos.elf.dir/Users/mx3g/work_space/NXP/rt1064_sdk/SDK_25_03_00_MIMXRT1064xxxxB/rtos/freertos/freertos-kernel/tasks.c.obj
                0x000000007000712c                xTaskGetTickCount
 .text.xTaskIncrementTick
                0x000000007000714c      0x230 CMakeFiles/dev_cdc_vcom_freertos.elf.dir/Users/mx3g/work_space/NXP/rt1064_sdk/SDK_25_03_00_MIMXRT1064xxxxB/rtos/freertos/freertos-kernel/tasks.c.obj
                0x000000007000714c                xTaskIncrementTick
 .text.vTaskSwitchContext
                0x000000007000737c       0xb8 CMakeFiles/dev_cdc_vcom_freertos.elf.dir/Users/mx3g/work_space/NXP/rt1064_sdk/SDK_25_03_00_MIMXRT1064xxxxB/rtos/freertos/freertos-kernel/tasks.c.obj
                0x000000007000737c                vTaskSwitchContext
 .text.vTaskPlaceOnEventList
                0x0000000070007434       0x48 CMakeFiles/dev_cdc_vcom_freertos.elf.dir/Users/mx3g/work_space/NXP/rt1064_sdk/SDK_25_03_00_MIMXRT1064xxxxB/rtos/freertos/freertos-kernel/tasks.c.obj
                0x0000000070007434                vTaskPlaceOnEventList
 .text.vTaskPlaceOnEventListRestricted
                0x000000007000747c       0x8c CMakeFiles/dev_cdc_vcom_freertos.elf.dir/Users/mx3g/work_space/NXP/rt1064_sdk/SDK_25_03_00_MIMXRT1064xxxxB/rtos/freertos/freertos-kernel/tasks.c.obj
                0x000000007000747c                vTaskPlaceOnEventListRestricted
 .text.xTaskRemoveFromEventList
                0x0000000070007508      0x1b0 CMakeFiles/dev_cdc_vcom_freertos.elf.dir/Users/mx3g/work_space/NXP/rt1064_sdk/SDK_25_03_00_MIMXRT1064xxxxB/rtos/freertos/freertos-kernel/tasks.c.obj
                0x0000000070007508                xTaskRemoveFromEventList
 .text.vTaskInternalSetTimeOutState
                0x00000000700076b8       0x2c CMakeFiles/dev_cdc_vcom_freertos.elf.dir/Users/mx3g/work_space/NXP/rt1064_sdk/SDK_25_03_00_MIMXRT1064xxxxB/rtos/freertos/freertos-kernel/tasks.c.obj
                0x00000000700076b8                vTaskInternalSetTimeOutState
 .text.xTaskCheckForTimeOut
                0x00000000700076e4       0xec CMakeFiles/dev_cdc_vcom_freertos.elf.dir/Users/mx3g/work_space/NXP/rt1064_sdk/SDK_25_03_00_MIMXRT1064xxxxB/rtos/freertos/freertos-kernel/tasks.c.obj
                0x00000000700076e4                xTaskCheckForTimeOut
 .text.vTaskMissedYield
                0x00000000700077d0       0x18 CMakeFiles/dev_cdc_vcom_freertos.elf.dir/Users/mx3g/work_space/NXP/rt1064_sdk/SDK_25_03_00_MIMXRT1064xxxxB/rtos/freertos/freertos-kernel/tasks.c.obj
                0x00000000700077d0                vTaskMissedYield
 .text.prvIdleTask
                0x00000000700077e8       0x30 CMakeFiles/dev_cdc_vcom_freertos.elf.dir/Users/mx3g/work_space/NXP/rt1064_sdk/SDK_25_03_00_MIMXRT1064xxxxB/rtos/freertos/freertos-kernel/tasks.c.obj
 .text.prvInitialiseTaskLists
                0x0000000070007818       0x80 CMakeFiles/dev_cdc_vcom_freertos.elf.dir/Users/mx3g/work_space/NXP/rt1064_sdk/SDK_25_03_00_MIMXRT1064xxxxB/rtos/freertos/freertos-kernel/tasks.c.obj
 .text.prvCheckTasksWaitingTermination
                0x0000000070007898       0x5c CMakeFiles/dev_cdc_vcom_freertos.elf.dir/Users/mx3g/work_space/NXP/rt1064_sdk/SDK_25_03_00_MIMXRT1064xxxxB/rtos/freertos/freertos-kernel/tasks.c.obj
 .text.prvDeleteTCB
                0x00000000700078f4       0x20 CMakeFiles/dev_cdc_vcom_freertos.elf.dir/Users/mx3g/work_space/NXP/rt1064_sdk/SDK_25_03_00_MIMXRT1064xxxxB/rtos/freertos/freertos-kernel/tasks.c.obj
 .text.prvResetNextTaskUnblockTime
                0x0000000070007914       0x38 CMakeFiles/dev_cdc_vcom_freertos.elf.dir/Users/mx3g/work_space/NXP/rt1064_sdk/SDK_25_03_00_MIMXRT1064xxxxB/rtos/freertos/freertos-kernel/tasks.c.obj
 .text.xTaskGetSchedulerState
                0x000000007000794c       0x3c CMakeFiles/dev_cdc_vcom_freertos.elf.dir/Users/mx3g/work_space/NXP/rt1064_sdk/SDK_25_03_00_MIMXRT1064xxxxB/rtos/freertos/freertos-kernel/tasks.c.obj
                0x000000007000794c                xTaskGetSchedulerState
 .text.xTaskPriorityDisinherit
                0x0000000070007988      0x14c CMakeFiles/dev_cdc_vcom_freertos.elf.dir/Users/mx3g/work_space/NXP/rt1064_sdk/SDK_25_03_00_MIMXRT1064xxxxB/rtos/freertos/freertos-kernel/tasks.c.obj
                0x0000000070007988                xTaskPriorityDisinherit
 .text.prvAddCurrentTaskToDelayedList
                0x0000000070007ad4      0x10c CMakeFiles/dev_cdc_vcom_freertos.elf.dir/Users/mx3g/work_space/NXP/rt1064_sdk/SDK_25_03_00_MIMXRT1064xxxxB/rtos/freertos/freertos-kernel/tasks.c.obj
 .text.xTimerCreateTimerTask
                0x0000000070007be0       0x64 CMakeFiles/dev_cdc_vcom_freertos.elf.dir/Users/mx3g/work_space/NXP/rt1064_sdk/SDK_25_03_00_MIMXRT1064xxxxB/rtos/freertos/freertos-kernel/timers.c.obj
                0x0000000070007be0                xTimerCreateTimerTask
 .text.prvReloadTimer
                0x0000000070007c44       0x42 CMakeFiles/dev_cdc_vcom_freertos.elf.dir/Users/mx3g/work_space/NXP/rt1064_sdk/SDK_25_03_00_MIMXRT1064xxxxB/rtos/freertos/freertos-kernel/timers.c.obj
 *fill*         0x0000000070007c86        0x2 
 .text.prvProcessExpiredTimer
                0x0000000070007c88       0x60 CMakeFiles/dev_cdc_vcom_freertos.elf.dir/Users/mx3g/work_space/NXP/rt1064_sdk/SDK_25_03_00_MIMXRT1064xxxxB/rtos/freertos/freertos-kernel/timers.c.obj
 .text.prvTimerTask
                0x0000000070007ce8       0x24 CMakeFiles/dev_cdc_vcom_freertos.elf.dir/Users/mx3g/work_space/NXP/rt1064_sdk/SDK_25_03_00_MIMXRT1064xxxxB/rtos/freertos/freertos-kernel/timers.c.obj
 .text.prvProcessTimerOrBlockTask
                0x0000000070007d0c       0x9c CMakeFiles/dev_cdc_vcom_freertos.elf.dir/Users/mx3g/work_space/NXP/rt1064_sdk/SDK_25_03_00_MIMXRT1064xxxxB/rtos/freertos/freertos-kernel/timers.c.obj
 .text.prvGetNextExpireTime
                0x0000000070007da8       0x48 CMakeFiles/dev_cdc_vcom_freertos.elf.dir/Users/mx3g/work_space/NXP/rt1064_sdk/SDK_25_03_00_MIMXRT1064xxxxB/rtos/freertos/freertos-kernel/timers.c.obj
 .text.prvSampleTimeNow
                0x0000000070007df0       0x40 CMakeFiles/dev_cdc_vcom_freertos.elf.dir/Users/mx3g/work_space/NXP/rt1064_sdk/SDK_25_03_00_MIMXRT1064xxxxB/rtos/freertos/freertos-kernel/timers.c.obj
 .text.prvInsertTimerInActiveList
                0x0000000070007e30       0x84 CMakeFiles/dev_cdc_vcom_freertos.elf.dir/Users/mx3g/work_space/NXP/rt1064_sdk/SDK_25_03_00_MIMXRT1064xxxxB/rtos/freertos/freertos-kernel/timers.c.obj
 .text.prvProcessReceivedCommands
                0x0000000070007eb4      0x1c0 CMakeFiles/dev_cdc_vcom_freertos.elf.dir/Users/mx3g/work_space/NXP/rt1064_sdk/SDK_25_03_00_MIMXRT1064xxxxB/rtos/freertos/freertos-kernel/timers.c.obj
 .text.prvSwitchTimerLists
                0x0000000070008074       0x4c CMakeFiles/dev_cdc_vcom_freertos.elf.dir/Users/mx3g/work_space/NXP/rt1064_sdk/SDK_25_03_00_MIMXRT1064xxxxB/rtos/freertos/freertos-kernel/timers.c.obj
 .text.prvCheckForValidListAndQueue
                0x00000000700080c0       0x6c CMakeFiles/dev_cdc_vcom_freertos.elf.dir/Users/mx3g/work_space/NXP/rt1064_sdk/SDK_25_03_00_MIMXRT1064xxxxB/rtos/freertos/freertos-kernel/timers.c.obj
 .text.pxPortInitialiseStack
                0x000000007000812c       0x68 CMakeFiles/dev_cdc_vcom_freertos.elf.dir/Users/mx3g/work_space/NXP/rt1064_sdk/SDK_25_03_00_MIMXRT1064xxxxB/rtos/freertos/freertos-kernel/portable/GCC/ARM_CM4F/port.c.obj
                0x000000007000812c                pxPortInitialiseStack
 .text.prvTaskExitError
                0x0000000070008194       0x58 CMakeFiles/dev_cdc_vcom_freertos.elf.dir/Users/mx3g/work_space/NXP/rt1064_sdk/SDK_25_03_00_MIMXRT1064xxxxB/rtos/freertos/freertos-kernel/portable/GCC/ARM_CM4F/port.c.obj
 *fill*         0x00000000700081ec        0x4 
 .text.SVC_Handler
                0x00000000700081f0       0x28 CMakeFiles/dev_cdc_vcom_freertos.elf.dir/Users/mx3g/work_space/NXP/rt1064_sdk/SDK_25_03_00_MIMXRT1064xxxxB/rtos/freertos/freertos-kernel/portable/GCC/ARM_CM4F/port.c.obj
                0x00000000700081f0                SVC_Handler
 .text.prvPortStartFirstTask
                0x0000000070008218       0x2c CMakeFiles/dev_cdc_vcom_freertos.elf.dir/Users/mx3g/work_space/NXP/rt1064_sdk/SDK_25_03_00_MIMXRT1064xxxxB/rtos/freertos/freertos-kernel/portable/GCC/ARM_CM4F/port.c.obj
 .text.xPortStartScheduler
                0x0000000070008244      0x1d4 CMakeFiles/dev_cdc_vcom_freertos.elf.dir/Users/mx3g/work_space/NXP/rt1064_sdk/SDK_25_03_00_MIMXRT1064xxxxB/rtos/freertos/freertos-kernel/portable/GCC/ARM_CM4F/port.c.obj
                0x0000000070008244                xPortStartScheduler
 .text.vPortEnterCritical
                0x0000000070008418       0x60 CMakeFiles/dev_cdc_vcom_freertos.elf.dir/Users/mx3g/work_space/NXP/rt1064_sdk/SDK_25_03_00_MIMXRT1064xxxxB/rtos/freertos/freertos-kernel/portable/GCC/ARM_CM4F/port.c.obj
                0x0000000070008418                vPortEnterCritical
 .text.vPortExitCritical
                0x0000000070008478       0x54 CMakeFiles/dev_cdc_vcom_freertos.elf.dir/Users/mx3g/work_space/NXP/rt1064_sdk/SDK_25_03_00_MIMXRT1064xxxxB/rtos/freertos/freertos-kernel/portable/GCC/ARM_CM4F/port.c.obj
                0x0000000070008478                vPortExitCritical
 *fill*         0x00000000700084cc        0x4 
 .text.PendSV_Handler
                0x00000000700084d0       0x68 CMakeFiles/dev_cdc_vcom_freertos.elf.dir/Users/mx3g/work_space/NXP/rt1064_sdk/SDK_25_03_00_MIMXRT1064xxxxB/rtos/freertos/freertos-kernel/portable/GCC/ARM_CM4F/port.c.obj
                0x00000000700084d0                PendSV_Handler
 .text.SysTick_Handler
                0x0000000070008538       0x44 CMakeFiles/dev_cdc_vcom_freertos.elf.dir/Users/mx3g/work_space/NXP/rt1064_sdk/SDK_25_03_00_MIMXRT1064xxxxB/rtos/freertos/freertos-kernel/portable/GCC/ARM_CM4F/port.c.obj
                0x0000000070008538                SysTick_Handler
 .text.vPortSetupTimerInterrupt
                0x000000007000857c       0x48 CMakeFiles/dev_cdc_vcom_freertos.elf.dir/Users/mx3g/work_space/NXP/rt1064_sdk/SDK_25_03_00_MIMXRT1064xxxxB/rtos/freertos/freertos-kernel/portable/GCC/ARM_CM4F/port.c.obj
                0x000000007000857c                vPortSetupTimerInterrupt
 .text.vPortEnableVFP
                0x00000000700085c4       0x18 CMakeFiles/dev_cdc_vcom_freertos.elf.dir/Users/mx3g/work_space/NXP/rt1064_sdk/SDK_25_03_00_MIMXRT1064xxxxB/rtos/freertos/freertos-kernel/portable/GCC/ARM_CM4F/port.c.obj
 .text.pvPortMalloc
                0x00000000700085dc      0x258 CMakeFiles/dev_cdc_vcom_freertos.elf.dir/Users/mx3g/work_space/NXP/rt1064_sdk/SDK_25_03_00_MIMXRT1064xxxxB/rtos/freertos/freertos-kernel/portable/MemMang/heap_4.c.obj
                0x00000000700085dc                pvPortMalloc
 .text.vPortFree
                0x0000000070008834       0xf0 CMakeFiles/dev_cdc_vcom_freertos.elf.dir/Users/mx3g/work_space/NXP/rt1064_sdk/SDK_25_03_00_MIMXRT1064xxxxB/rtos/freertos/freertos-kernel/portable/MemMang/heap_4.c.obj
                0x0000000070008834                vPortFree
 .text.prvHeapInit
                0x0000000070008924       0xb4 CMakeFiles/dev_cdc_vcom_freertos.elf.dir/Users/mx3g/work_space/NXP/rt1064_sdk/SDK_25_03_00_MIMXRT1064xxxxB/rtos/freertos/freertos-kernel/portable/MemMang/heap_4.c.obj
 .text.prvInsertBlockIntoFreeList
                0x00000000700089d8       0xf4 CMakeFiles/dev_cdc_vcom_freertos.elf.dir/Users/mx3g/work_space/NXP/rt1064_sdk/SDK_25_03_00_MIMXRT1064xxxxB/rtos/freertos/freertos-kernel/portable/MemMang/heap_4.c.obj
 .text.USB_DeviceCdcAcmAllocateHandle
                0x0000000070008acc       0x58 CMakeFiles/dev_cdc_vcom_freertos.elf.dir/Users/mx3g/work_space/NXP/rt1064_sdk/SDK_25_03_00_MIMXRT1064xxxxB/middleware/usb/device/class/usb_device_cdc_acm.c.obj
 .text.USB_DeviceCdcAcmFreeHandle
                0x0000000070008b24       0x32 CMakeFiles/dev_cdc_vcom_freertos.elf.dir/Users/mx3g/work_space/NXP/rt1064_sdk/SDK_25_03_00_MIMXRT1064xxxxB/middleware/usb/device/class/usb_device_cdc_acm.c.obj
 .text.USB_DeviceCdcAcmInterruptIn
                0x0000000070008b56       0x54 CMakeFiles/dev_cdc_vcom_freertos.elf.dir/Users/mx3g/work_space/NXP/rt1064_sdk/SDK_25_03_00_MIMXRT1064xxxxB/middleware/usb/device/class/usb_device_cdc_acm.c.obj
 .text.USB_DeviceCdcAcmBulkIn
                0x0000000070008baa       0x54 CMakeFiles/dev_cdc_vcom_freertos.elf.dir/Users/mx3g/work_space/NXP/rt1064_sdk/SDK_25_03_00_MIMXRT1064xxxxB/middleware/usb/device/class/usb_device_cdc_acm.c.obj
 .text.USB_DeviceCdcAcmBulkOut
                0x0000000070008bfe       0x54 CMakeFiles/dev_cdc_vcom_freertos.elf.dir/Users/mx3g/work_space/NXP/rt1064_sdk/SDK_25_03_00_MIMXRT1064xxxxB/middleware/usb/device/class/usb_device_cdc_acm.c.obj
 *fill*         0x0000000070008c52        0x2 
 .text.USB_DeviceCdcAcmEndpointsInit
                0x0000000070008c54      0x3b8 CMakeFiles/dev_cdc_vcom_freertos.elf.dir/Users/mx3g/work_space/NXP/rt1064_sdk/SDK_25_03_00_MIMXRT1064xxxxB/middleware/usb/device/class/usb_device_cdc_acm.c.obj
 .text.USB_DeviceCdcAcmEndpointsDeinit
                0x000000007000900c       0xae CMakeFiles/dev_cdc_vcom_freertos.elf.dir/Users/mx3g/work_space/NXP/rt1064_sdk/SDK_25_03_00_MIMXRT1064xxxxB/middleware/usb/device/class/usb_device_cdc_acm.c.obj
 *fill*         0x00000000700090ba        0x2 
 .text.USB_DeviceCdcAcmEvent
                0x00000000700090bc      0x71c CMakeFiles/dev_cdc_vcom_freertos.elf.dir/Users/mx3g/work_space/NXP/rt1064_sdk/SDK_25_03_00_MIMXRT1064xxxxB/middleware/usb/device/class/usb_device_cdc_acm.c.obj
                0x00000000700090bc                USB_DeviceCdcAcmEvent
 .text.USB_DeviceCdcAcmInit
                0x00000000700097d8       0xaa CMakeFiles/dev_cdc_vcom_freertos.elf.dir/Users/mx3g/work_space/NXP/rt1064_sdk/SDK_25_03_00_MIMXRT1064xxxxB/middleware/usb/device/class/usb_device_cdc_acm.c.obj
                0x00000000700097d8                USB_DeviceCdcAcmInit
 .text.USB_DeviceCdcAcmDeinit
                0x0000000070009882       0x4e CMakeFiles/dev_cdc_vcom_freertos.elf.dir/Users/mx3g/work_space/NXP/rt1064_sdk/SDK_25_03_00_MIMXRT1064xxxxB/middleware/usb/device/class/usb_device_cdc_acm.c.obj
                0x0000000070009882                USB_DeviceCdcAcmDeinit
 .text.USB_DeviceCdcAcmSend
                0x00000000700098d0       0xa4 CMakeFiles/dev_cdc_vcom_freertos.elf.dir/Users/mx3g/work_space/NXP/rt1064_sdk/SDK_25_03_00_MIMXRT1064xxxxB/middleware/usb/device/class/usb_device_cdc_acm.c.obj
                0x00000000700098d0                USB_DeviceCdcAcmSend
 .text.USB_DeviceCdcAcmRecv
                0x0000000070009974       0x78 CMakeFiles/dev_cdc_vcom_freertos.elf.dir/Users/mx3g/work_space/NXP/rt1064_sdk/SDK_25_03_00_MIMXRT1064xxxxB/middleware/usb/device/class/usb_device_cdc_acm.c.obj
                0x0000000070009974                USB_DeviceCdcAcmRecv
 .text.USB_DeviceAllocateHandle
                0x00000000700099ec       0xe8 CMakeFiles/dev_cdc_vcom_freertos.elf.dir/Users/mx3g/work_space/NXP/rt1064_sdk/SDK_25_03_00_MIMXRT1064xxxxB/middleware/usb/device/usb_device_dci.c.obj
 .text.USB_DeviceFreeHandle
                0x0000000070009ad4       0x3c CMakeFiles/dev_cdc_vcom_freertos.elf.dir/Users/mx3g/work_space/NXP/rt1064_sdk/SDK_25_03_00_MIMXRT1064xxxxB/middleware/usb/device/usb_device_dci.c.obj
 .text.USB_DeviceGetControllerInterface
                0x0000000070009b10       0x3c CMakeFiles/dev_cdc_vcom_freertos.elf.dir/Users/mx3g/work_space/NXP/rt1064_sdk/SDK_25_03_00_MIMXRT1064xxxxB/middleware/usb/device/usb_device_dci.c.obj
 .text.USB_DeviceTransfer
                0x0000000070009b4c      0x136 CMakeFiles/dev_cdc_vcom_freertos.elf.dir/Users/mx3g/work_space/NXP/rt1064_sdk/SDK_25_03_00_MIMXRT1064xxxxB/middleware/usb/device/usb_device_dci.c.obj
 .text.USB_DeviceControl
                0x0000000070009c82       0x4c CMakeFiles/dev_cdc_vcom_freertos.elf.dir/Users/mx3g/work_space/NXP/rt1064_sdk/SDK_25_03_00_MIMXRT1064xxxxB/middleware/usb/device/usb_device_dci.c.obj
 .text.USB_DeviceResetNotification
                0x0000000070009cce       0x98 CMakeFiles/dev_cdc_vcom_freertos.elf.dir/Users/mx3g/work_space/NXP/rt1064_sdk/SDK_25_03_00_MIMXRT1064xxxxB/middleware/usb/device/usb_device_dci.c.obj
 .text.USB_DeviceNotification
                0x0000000070009d66      0x102 CMakeFiles/dev_cdc_vcom_freertos.elf.dir/Users/mx3g/work_space/NXP/rt1064_sdk/SDK_25_03_00_MIMXRT1064xxxxB/middleware/usb/device/usb_device_dci.c.obj
 .text.USB_DeviceNotificationTrigger
                0x0000000070009e68       0x40 CMakeFiles/dev_cdc_vcom_freertos.elf.dir/Users/mx3g/work_space/NXP/rt1064_sdk/SDK_25_03_00_MIMXRT1064xxxxB/middleware/usb/device/usb_device_dci.c.obj
                0x0000000070009e68                USB_DeviceNotificationTrigger
 .text.USB_DeviceInit
                0x0000000070009ea8      0x16a CMakeFiles/dev_cdc_vcom_freertos.elf.dir/Users/mx3g/work_space/NXP/rt1064_sdk/SDK_25_03_00_MIMXRT1064xxxxB/middleware/usb/device/usb_device_dci.c.obj
                0x0000000070009ea8                USB_DeviceInit
 .text.USB_DeviceRun
                0x000000007000a012       0x1c CMakeFiles/dev_cdc_vcom_freertos.elf.dir/Users/mx3g/work_space/NXP/rt1064_sdk/SDK_25_03_00_MIMXRT1064xxxxB/middleware/usb/device/usb_device_dci.c.obj
                0x000000007000a012                USB_DeviceRun
 .text.USB_DeviceDeinit
                0x000000007000a02e       0x42 CMakeFiles/dev_cdc_vcom_freertos.elf.dir/Users/mx3g/work_space/NXP/rt1064_sdk/SDK_25_03_00_MIMXRT1064xxxxB/middleware/usb/device/usb_device_dci.c.obj
                0x000000007000a02e                USB_DeviceDeinit
 .text.USB_DeviceSendRequest
                0x000000007000a070       0x32 CMakeFiles/dev_cdc_vcom_freertos.elf.dir/Users/mx3g/work_space/NXP/rt1064_sdk/SDK_25_03_00_MIMXRT1064xxxxB/middleware/usb/device/usb_device_dci.c.obj
                0x000000007000a070                USB_DeviceSendRequest
 .text.USB_DeviceRecvRequest
                0x000000007000a0a2       0x2c CMakeFiles/dev_cdc_vcom_freertos.elf.dir/Users/mx3g/work_space/NXP/rt1064_sdk/SDK_25_03_00_MIMXRT1064xxxxB/middleware/usb/device/usb_device_dci.c.obj
                0x000000007000a0a2                USB_DeviceRecvRequest
 .text.USB_DeviceInitEndpoint
                0x000000007000a0ce       0xbe CMakeFiles/dev_cdc_vcom_freertos.elf.dir/Users/mx3g/work_space/NXP/rt1064_sdk/SDK_25_03_00_MIMXRT1064xxxxB/middleware/usb/device/usb_device_dci.c.obj
                0x000000007000a0ce                USB_DeviceInitEndpoint
 .text.USB_DeviceDeinitEndpoint
                0x000000007000a18c       0xac CMakeFiles/dev_cdc_vcom_freertos.elf.dir/Users/mx3g/work_space/NXP/rt1064_sdk/SDK_25_03_00_MIMXRT1064xxxxB/middleware/usb/device/usb_device_dci.c.obj
                0x000000007000a18c                USB_DeviceDeinitEndpoint
 .text.USB_DeviceStallEndpoint
                0x000000007000a238       0x30 CMakeFiles/dev_cdc_vcom_freertos.elf.dir/Users/mx3g/work_space/NXP/rt1064_sdk/SDK_25_03_00_MIMXRT1064xxxxB/middleware/usb/device/usb_device_dci.c.obj
                0x000000007000a238                USB_DeviceStallEndpoint
 .text.USB_DeviceUnstallEndpoint
                0x000000007000a268       0x30 CMakeFiles/dev_cdc_vcom_freertos.elf.dir/Users/mx3g/work_space/NXP/rt1064_sdk/SDK_25_03_00_MIMXRT1064xxxxB/middleware/usb/device/usb_device_dci.c.obj
                0x000000007000a268                USB_DeviceUnstallEndpoint
 .text.USB_DeviceGetStatus
                0x000000007000a298       0xcc CMakeFiles/dev_cdc_vcom_freertos.elf.dir/Users/mx3g/work_space/NXP/rt1064_sdk/SDK_25_03_00_MIMXRT1064xxxxB/middleware/usb/device/usb_device_dci.c.obj
                0x000000007000a298                USB_DeviceGetStatus
 .text.USB_DeviceSetStatus
                0x000000007000a364      0x118 CMakeFiles/dev_cdc_vcom_freertos.elf.dir/Users/mx3g/work_space/NXP/rt1064_sdk/SDK_25_03_00_MIMXRT1064xxxxB/middleware/usb/device/usb_device_dci.c.obj
                0x000000007000a364                USB_DeviceSetStatus
 .text.USB_DeviceEhciSetDefaultState
                0x000000007000a47c      0x132 CMakeFiles/dev_cdc_vcom_freertos.elf.dir/Users/mx3g/work_space/NXP/rt1064_sdk/SDK_25_03_00_MIMXRT1064xxxxB/middleware/usb/device/usb_device_ehci.c.obj
 .text.USB_DeviceEhciEndpointInit
                0x000000007000a5ae      0x204 CMakeFiles/dev_cdc_vcom_freertos.elf.dir/Users/mx3g/work_space/NXP/rt1064_sdk/SDK_25_03_00_MIMXRT1064xxxxB/middleware/usb/device/usb_device_ehci.c.obj
 .text.USB_DeviceEhciEndpointDeinit
                0x000000007000a7b2       0xf6 CMakeFiles/dev_cdc_vcom_freertos.elf.dir/Users/mx3g/work_space/NXP/rt1064_sdk/SDK_25_03_00_MIMXRT1064xxxxB/middleware/usb/device/usb_device_ehci.c.obj
 .text.USB_DeviceEhciEndpointStall
                0x000000007000a8a8       0x8a CMakeFiles/dev_cdc_vcom_freertos.elf.dir/Users/mx3g/work_space/NXP/rt1064_sdk/SDK_25_03_00_MIMXRT1064xxxxB/middleware/usb/device/usb_device_ehci.c.obj
 .text.USB_DeviceEhciEndpointUnstall
                0x000000007000a932       0xba CMakeFiles/dev_cdc_vcom_freertos.elf.dir/Users/mx3g/work_space/NXP/rt1064_sdk/SDK_25_03_00_MIMXRT1064xxxxB/middleware/usb/device/usb_device_ehci.c.obj
 .text.USB_DeviceEhciFillSetupBuffer
                0x000000007000a9ec       0xa6 CMakeFiles/dev_cdc_vcom_freertos.elf.dir/Users/mx3g/work_space/NXP/rt1064_sdk/SDK_25_03_00_MIMXRT1064xxxxB/middleware/usb/device/usb_device_ehci.c.obj
 *fill*         0x000000007000aa92        0x2 
 .text.USB_DeviceEhciCancelControlPipe
                0x000000007000aa94      0x1f8 CMakeFiles/dev_cdc_vcom_freertos.elf.dir/Users/mx3g/work_space/NXP/rt1064_sdk/SDK_25_03_00_MIMXRT1064xxxxB/middleware/usb/device/usb_device_ehci.c.obj
 .text.USB_DeviceEhciInterruptTokenDone
                0x000000007000ac8c      0x440 CMakeFiles/dev_cdc_vcom_freertos.elf.dir/Users/mx3g/work_space/NXP/rt1064_sdk/SDK_25_03_00_MIMXRT1064xxxxB/middleware/usb/device/usb_device_ehci.c.obj
 .text.USB_DeviceEhciInterruptPortChange
                0x000000007000b0cc       0x70 CMakeFiles/dev_cdc_vcom_freertos.elf.dir/Users/mx3g/work_space/NXP/rt1064_sdk/SDK_25_03_00_MIMXRT1064xxxxB/middleware/usb/device/usb_device_ehci.c.obj
 .text.USB_DeviceEhciInterruptReset
                0x000000007000b13c       0x8e CMakeFiles/dev_cdc_vcom_freertos.elf.dir/Users/mx3g/work_space/NXP/rt1064_sdk/SDK_25_03_00_MIMXRT1064xxxxB/middleware/usb/device/usb_device_ehci.c.obj
 *fill*         0x000000007000b1ca        0x2 
 .text.USB_DeviceEhciTransfer
                0x000000007000b1cc      0x3d4 CMakeFiles/dev_cdc_vcom_freertos.elf.dir/Users/mx3g/work_space/NXP/rt1064_sdk/SDK_25_03_00_MIMXRT1064xxxxB/middleware/usb/device/usb_device_ehci.c.obj
 .text.USB_EhciGetValidEhciState
                0x000000007000b5a0       0x58 CMakeFiles/dev_cdc_vcom_freertos.elf.dir/Users/mx3g/work_space/NXP/rt1064_sdk/SDK_25_03_00_MIMXRT1064xxxxB/middleware/usb/device/usb_device_ehci.c.obj
 .text.USB_DeviceEhciNotification
                0x000000007000b5f8       0x28 CMakeFiles/dev_cdc_vcom_freertos.elf.dir/Users/mx3g/work_space/NXP/rt1064_sdk/SDK_25_03_00_MIMXRT1064xxxxB/middleware/usb/device/usb_device_ehci.c.obj
 .text.USB_DeviceEhciInit
                0x000000007000b620      0x11c CMakeFiles/dev_cdc_vcom_freertos.elf.dir/Users/mx3g/work_space/NXP/rt1064_sdk/SDK_25_03_00_MIMXRT1064xxxxB/middleware/usb/device/usb_device_ehci.c.obj
                0x000000007000b620                USB_DeviceEhciInit
 .text.USB_DeviceEhciDeinit
                0x000000007000b73c       0x8c CMakeFiles/dev_cdc_vcom_freertos.elf.dir/Users/mx3g/work_space/NXP/rt1064_sdk/SDK_25_03_00_MIMXRT1064xxxxB/middleware/usb/device/usb_device_ehci.c.obj
                0x000000007000b73c                USB_DeviceEhciDeinit
 .text.USB_DeviceEhciSend
                0x000000007000b7c8       0x32 CMakeFiles/dev_cdc_vcom_freertos.elf.dir/Users/mx3g/work_space/NXP/rt1064_sdk/SDK_25_03_00_MIMXRT1064xxxxB/middleware/usb/device/usb_device_ehci.c.obj
                0x000000007000b7c8                USB_DeviceEhciSend
 .text.USB_DeviceEhciRecv
                0x000000007000b7fa       0x2c CMakeFiles/dev_cdc_vcom_freertos.elf.dir/Users/mx3g/work_space/NXP/rt1064_sdk/SDK_25_03_00_MIMXRT1064xxxxB/middleware/usb/device/usb_device_ehci.c.obj
                0x000000007000b7fa                USB_DeviceEhciRecv
 *fill*         0x000000007000b826        0x2 
 .text.USB_DeviceEhciCancel
                0x000000007000b828      0x238 CMakeFiles/dev_cdc_vcom_freertos.elf.dir/Users/mx3g/work_space/NXP/rt1064_sdk/SDK_25_03_00_MIMXRT1064xxxxB/middleware/usb/device/usb_device_ehci.c.obj
                0x000000007000b828                USB_DeviceEhciCancel
 .text.USB_DeviceEhciControl
                0x000000007000ba60      0x298 CMakeFiles/dev_cdc_vcom_freertos.elf.dir/Users/mx3g/work_space/NXP/rt1064_sdk/SDK_25_03_00_MIMXRT1064xxxxB/middleware/usb/device/usb_device_ehci.c.obj
                0x000000007000ba60                USB_DeviceEhciControl
 .text.USB_DeviceEhciIsrFunction
                0x000000007000bcf8       0x74 CMakeFiles/dev_cdc_vcom_freertos.elf.dir/Users/mx3g/work_space/NXP/rt1064_sdk/SDK_25_03_00_MIMXRT1064xxxxB/middleware/usb/device/usb_device_ehci.c.obj
                0x000000007000bcf8                USB_DeviceEhciIsrFunction
 .text.USB_DeviceCh9GetStatus
                0x000000007000bd6c      0x138 CMakeFiles/dev_cdc_vcom_freertos.elf.dir/Users/mx3g/work_space/NXP/rt1064_sdk/SDK_25_03_00_MIMXRT1064xxxxB/middleware/usb/device/usb_device_ch9.c.obj
 .text.USB_DeviceCh9SetClearFeature
                0x000000007000bea4      0x110 CMakeFiles/dev_cdc_vcom_freertos.elf.dir/Users/mx3g/work_space/NXP/rt1064_sdk/SDK_25_03_00_MIMXRT1064xxxxB/middleware/usb/device/usb_device_ch9.c.obj
 .text.USB_DeviceCh9SetAddress
                0x000000007000bfb4       0xd0 CMakeFiles/dev_cdc_vcom_freertos.elf.dir/Users/mx3g/work_space/NXP/rt1064_sdk/SDK_25_03_00_MIMXRT1064xxxxB/middleware/usb/device/usb_device_ch9.c.obj
 .text.USB_DeviceCh9GetDescriptor
                0x000000007000c084      0x13a CMakeFiles/dev_cdc_vcom_freertos.elf.dir/Users/mx3g/work_space/NXP/rt1064_sdk/SDK_25_03_00_MIMXRT1064xxxxB/middleware/usb/device/usb_device_ch9.c.obj
 .text.USB_DeviceCh9GetConfiguration
                0x000000007000c1be       0x8e CMakeFiles/dev_cdc_vcom_freertos.elf.dir/Users/mx3g/work_space/NXP/rt1064_sdk/SDK_25_03_00_MIMXRT1064xxxxB/middleware/usb/device/usb_device_ch9.c.obj
 .text.USB_DeviceCh9SetConfiguration
                0x000000007000c24c       0xb6 CMakeFiles/dev_cdc_vcom_freertos.elf.dir/Users/mx3g/work_space/NXP/rt1064_sdk/SDK_25_03_00_MIMXRT1064xxxxB/middleware/usb/device/usb_device_ch9.c.obj
 .text.USB_DeviceCh9GetInterface
                0x000000007000c302       0x9c CMakeFiles/dev_cdc_vcom_freertos.elf.dir/Users/mx3g/work_space/NXP/rt1064_sdk/SDK_25_03_00_MIMXRT1064xxxxB/middleware/usb/device/usb_device_ch9.c.obj
 .text.USB_DeviceCh9SetInterface
                0x000000007000c39e       0x90 CMakeFiles/dev_cdc_vcom_freertos.elf.dir/Users/mx3g/work_space/NXP/rt1064_sdk/SDK_25_03_00_MIMXRT1064xxxxB/middleware/usb/device/usb_device_ch9.c.obj
 .text.USB_DeviceCh9SynchFrame
                0x000000007000c42e       0x64 CMakeFiles/dev_cdc_vcom_freertos.elf.dir/Users/mx3g/work_space/NXP/rt1064_sdk/SDK_25_03_00_MIMXRT1064xxxxB/middleware/usb/device/usb_device_ch9.c.obj
 .text.USB_DeviceControlCallbackFeedback
                0x000000007000c492       0x9a CMakeFiles/dev_cdc_vcom_freertos.elf.dir/Users/mx3g/work_space/NXP/rt1064_sdk/SDK_25_03_00_MIMXRT1064xxxxB/middleware/usb/device/usb_device_ch9.c.obj
 .text.USB_DeviceControlCallback
                0x000000007000c52c      0x3e8 CMakeFiles/dev_cdc_vcom_freertos.elf.dir/Users/mx3g/work_space/NXP/rt1064_sdk/SDK_25_03_00_MIMXRT1064xxxxB/middleware/usb/device/usb_device_ch9.c.obj
 .text.USB_DeviceControlPipeInit
                0x000000007000c914       0x7c CMakeFiles/dev_cdc_vcom_freertos.elf.dir/Users/mx3g/work_space/NXP/rt1064_sdk/SDK_25_03_00_MIMXRT1064xxxxB/middleware/usb/device/usb_device_ch9.c.obj
                0x000000007000c914                USB_DeviceControlPipeInit
 .text.USB_DeviceClassAllocateHandle
                0x000000007000c990       0xe0 CMakeFiles/dev_cdc_vcom_freertos.elf.dir/Users/mx3g/work_space/NXP/rt1064_sdk/SDK_25_03_00_MIMXRT1064xxxxB/middleware/usb/device/class/usb_device_class.c.obj
 .text.USB_DeviceClassFreeHandle
                0x000000007000ca70       0xa0 CMakeFiles/dev_cdc_vcom_freertos.elf.dir/Users/mx3g/work_space/NXP/rt1064_sdk/SDK_25_03_00_MIMXRT1064xxxxB/middleware/usb/device/class/usb_device_class.c.obj
 .text.USB_DeviceClassGetHandleByControllerId
                0x000000007000cb10       0x88 CMakeFiles/dev_cdc_vcom_freertos.elf.dir/Users/mx3g/work_space/NXP/rt1064_sdk/SDK_25_03_00_MIMXRT1064xxxxB/middleware/usb/device/class/usb_device_class.c.obj
 .text.USB_DeviceClassGetHandleByDeviceHandle
                0x000000007000cb98       0x74 CMakeFiles/dev_cdc_vcom_freertos.elf.dir/Users/mx3g/work_space/NXP/rt1064_sdk/SDK_25_03_00_MIMXRT1064xxxxB/middleware/usb/device/class/usb_device_class.c.obj
 .text.USB_DeviceClassGetDeviceHandle